Archive member included to satisfy reference by file (symbol)

c:/ac6/systemworkbench/plugins/fr.ac6.mcu.externaltools.arm-none.win32_1.17.0.201812190825/tools/compiler/bin/../lib/gcc/arm-none-eabi/7.3.1/../../../../arm-none-eabi/lib/thumb/v7-m\libc_nano.a(lib_a-errno.o)
                              Core/Src/syscalls.o (__errno)
c:/ac6/systemworkbench/plugins/fr.ac6.mcu.externaltools.arm-none.win32_1.17.0.201812190825/tools/compiler/bin/../lib/gcc/arm-none-eabi/7.3.1/../../../../arm-none-eabi/lib/thumb/v7-m\libc_nano.a(lib_a-exit.o)
                              c:/ac6/systemworkbench/plugins/fr.ac6.mcu.externaltools.arm-none.win32_1.17.0.201812190825/tools/compiler/bin/../lib/gcc/arm-none-eabi/7.3.1/../../../../arm-none-eabi/lib/thumb/v7-m/crt0.o (exit)
c:/ac6/systemworkbench/plugins/fr.ac6.mcu.externaltools.arm-none.win32_1.17.0.201812190825/tools/compiler/bin/../lib/gcc/arm-none-eabi/7.3.1/../../../../arm-none-eabi/lib/thumb/v7-m\libc_nano.a(lib_a-impure.o)
                              c:/ac6/systemworkbench/plugins/fr.ac6.mcu.externaltools.arm-none.win32_1.17.0.201812190825/tools/compiler/bin/../lib/gcc/arm-none-eabi/7.3.1/../../../../arm-none-eabi/lib/thumb/v7-m\libc_nano.a(lib_a-exit.o) (_global_impure_ptr)
c:/ac6/systemworkbench/plugins/fr.ac6.mcu.externaltools.arm-none.win32_1.17.0.201812190825/tools/compiler/bin/../lib/gcc/arm-none-eabi/7.3.1/../../../../arm-none-eabi/lib/thumb/v7-m\libc_nano.a(lib_a-init.o)
                              c:/ac6/systemworkbench/plugins/fr.ac6.mcu.externaltools.arm-none.win32_1.17.0.201812190825/tools/compiler/bin/../lib/gcc/arm-none-eabi/7.3.1/../../../../arm-none-eabi/lib/thumb/v7-m/crt0.o (__libc_init_array)
c:/ac6/systemworkbench/plugins/fr.ac6.mcu.externaltools.arm-none.win32_1.17.0.201812190825/tools/compiler/bin/../lib/gcc/arm-none-eabi/7.3.1/../../../../arm-none-eabi/lib/thumb/v7-m\libc_nano.a(lib_a-memset.o)
                              c:/ac6/systemworkbench/plugins/fr.ac6.mcu.externaltools.arm-none.win32_1.17.0.201812190825/tools/compiler/bin/../lib/gcc/arm-none-eabi/7.3.1/../../../../arm-none-eabi/lib/thumb/v7-m/crt0.o (memset)
c:/ac6/systemworkbench/plugins/fr.ac6.mcu.externaltools.arm-none.win32_1.17.0.201812190825/tools/compiler/bin/../lib/gcc/arm-none-eabi/7.3.1/../../../../arm-none-eabi/lib/thumb/v7-m\libc_nano.a(lib_a-strlen.o)
                              Core/Src/main.o (strlen)

Allocating common symbols
Common symbol       size              file

hUsbDeviceFS        0x2c4             USB_DEVICE/App/usb_device.o
uwTick              0x4               Drivers/STM32F1xx_HAL_Driver/Src/stm32f1xx_hal.o
pFlash              0x20              Drivers/STM32F1xx_HAL_Driver/Src/stm32f1xx_hal_flash.o
huart1              0x44              Core/Src/main.o
hpcd_USB_FS         0x2ec             USB_DEVICE/Target/usbd_conf.o
USBD_StrDesc        0x200             USB_DEVICE/App/usbd_desc.o

Discarded input sections

 .text          0x00000000        0x0 c:/ac6/systemworkbench/plugins/fr.ac6.mcu.externaltools.arm-none.win32_1.17.0.201812190825/tools/compiler/bin/../lib/gcc/arm-none-eabi/7.3.1/thumb/v7-m/crti.o
 .data          0x00000000        0x0 c:/ac6/systemworkbench/plugins/fr.ac6.mcu.externaltools.arm-none.win32_1.17.0.201812190825/tools/compiler/bin/../lib/gcc/arm-none-eabi/7.3.1/thumb/v7-m/crti.o
 .bss           0x00000000        0x0 c:/ac6/systemworkbench/plugins/fr.ac6.mcu.externaltools.arm-none.win32_1.17.0.201812190825/tools/compiler/bin/../lib/gcc/arm-none-eabi/7.3.1/thumb/v7-m/crti.o
 .data          0x00000000        0x4 c:/ac6/systemworkbench/plugins/fr.ac6.mcu.externaltools.arm-none.win32_1.17.0.201812190825/tools/compiler/bin/../lib/gcc/arm-none-eabi/7.3.1/thumb/v7-m/crtbegin.o
 .text          0x00000000       0x74 c:/ac6/systemworkbench/plugins/fr.ac6.mcu.externaltools.arm-none.win32_1.17.0.201812190825/tools/compiler/bin/../lib/gcc/arm-none-eabi/7.3.1/../../../../arm-none-eabi/lib/thumb/v7-m/crt0.o
 .data          0x00000000        0x0 c:/ac6/systemworkbench/plugins/fr.ac6.mcu.externaltools.arm-none.win32_1.17.0.201812190825/tools/compiler/bin/../lib/gcc/arm-none-eabi/7.3.1/../../../../arm-none-eabi/lib/thumb/v7-m/crt0.o
 .bss           0x00000000        0x0 c:/ac6/systemworkbench/plugins/fr.ac6.mcu.externaltools.arm-none.win32_1.17.0.201812190825/tools/compiler/bin/../lib/gcc/arm-none-eabi/7.3.1/../../../../arm-none-eabi/lib/thumb/v7-m/crt0.o
 .ARM.extab     0x00000000        0x0 c:/ac6/systemworkbench/plugins/fr.ac6.mcu.externaltools.arm-none.win32_1.17.0.201812190825/tools/compiler/bin/../lib/gcc/arm-none-eabi/7.3.1/../../../../arm-none-eabi/lib/thumb/v7-m/crt0.o
 .ARM.exidx     0x00000000        0x8 c:/ac6/systemworkbench/plugins/fr.ac6.mcu.externaltools.arm-none.win32_1.17.0.201812190825/tools/compiler/bin/../lib/gcc/arm-none-eabi/7.3.1/../../../../arm-none-eabi/lib/thumb/v7-m/crt0.o
 .ARM.attributes
[...]
Memory Configuration

Name             Origin             Length             Attributes
RAM              0x20000000         0x00002800         xrw
FLASH            0x08000000         0x00008000         xr
*default*        0x00000000         0xffffffff

Linker script and memory map

LOAD c:/ac6/systemworkbench/plugins/fr.ac6.mcu.externaltools.arm-none.win32_1.17.0.201812190825/tools/compiler/bin/../lib/gcc/arm-none-eabi/7.3.1/thumb/v7-m/crti.o
LOAD c:/ac6/systemworkbench/plugins/fr.ac6.mcu.externaltools.arm-none.win32_1.17.0.201812190825/tools/compiler/bin/../lib/gcc/arm-none-eabi/7.3.1/thumb/v7-m/crtbegin.o
LOAD c:/ac6/systemworkbench/plugins/fr.ac6.mcu.externaltools.arm-none.win32_1.17.0.201812190825/tools/compiler/bin/../lib/gcc/arm-none-eabi/7.3.1/../../../../arm-none-eabi/lib/thumb/v7-m/crt0.o
LOAD Core/Inc/keyBoard.o
LOAD Core/Src/main.o
LOAD Core/Src/stm32f1xx_hal_msp.o
LOAD Core/Src/stm32f1xx_it.o
LOAD Core/Src/syscalls.o
LOAD Core/Src/system_stm32f1xx.o
LOAD Drivers/STM32F1xx_HAL_Driver/Src/stm32f1xx_hal.o
LOAD Drivers/STM32F1xx_HAL_Driver/Src/stm32f1xx_hal_cortex.o
LOAD Drivers/STM32F1xx_HAL_Driver/Src/stm32f1xx_hal_dma.o
LOAD Drivers/STM32F1xx_HAL_Driver/Src/stm32f1xx_hal_exti.o
LOAD Drivers/STM32F1xx_HAL_Driver/Src/stm32f1xx_hal_flash.o
LOAD Drivers/STM32F1xx_HAL_Driver/Src/stm32f1xx_hal_flash_ex.o
LOAD Drivers/STM32F1xx_HAL_Driver/Src/stm32f1xx_hal_gpio.o
LOAD Drivers/STM32F1xx_HAL_Driver/Src/stm32f1xx_hal_gpio_ex.o
LOAD Drivers/STM32F1xx_HAL_Driver/Src/stm32f1xx_hal_pcd.o
LOAD Drivers/STM32F1xx_HAL_Driver/Src/stm32f1xx_hal_pcd_ex.o
LOAD Drivers/STM32F1xx_HAL_Driver/Src/stm32f1xx_hal_pwr.o
LOAD Drivers/STM32F1xx_HAL_Driver/Src/stm32f1xx_hal_rcc.o
LOAD Drivers/STM32F1xx_HAL_Driver/Src/stm32f1xx_hal_rcc_ex.o
LOAD Drivers/STM32F1xx_HAL_Driver/Src/stm32f1xx_hal_tim.o
LOAD Drivers/STM32F1xx_HAL_Driver/Src/stm32f1xx_hal_tim_ex.o
LOAD Drivers/STM32F1xx_HAL_Driver/Src/stm32f1xx_hal_uart.o
LOAD Drivers/STM32F1xx_HAL_Driver/Src/stm32f1xx_ll_usb.o
LOAD Middlewares/ST/STM32_USB_Device_Library/Class/HID/Src/usbd_hid.o
LOAD Middlewares/ST/STM32_USB_Device_Library/Core/Src/usbd_core.o
LOAD Middlewares/ST/STM32_USB_Device_Library/Core/Src/usbd_ctlreq.o
LOAD Middlewares/ST/STM32_USB_Device_Library/Core/Src/usbd_ioreq.o
LOAD USB_DEVICE/App/usb_device.o
LOAD USB_DEVICE/App/usbd_desc.o
LOAD USB_DEVICE/Target/usbd_conf.o
LOAD startup/startup_stm32f103x6.o
LOAD c:/ac6/systemworkbench/plugins/fr.ac6.mcu.externaltools.arm-none.win32_1.17.0.201812190825/tools/compiler/bin/../lib/gcc/arm-none-eabi/7.3.1/../../../../arm-none-eabi/lib/thumb/v7-m\libm.a
START GROUP
LOAD c:/ac6/systemworkbench/plugins/fr.ac6.mcu.externaltools.arm-none.win32_1.17.0.201812190825/tools/compiler/bin/../lib/gcc/arm-none-eabi/7.3.1/thumb/v7-m\libgcc.a
LOAD c:/ac6/systemworkbench/plugins/fr.ac6.mcu.externaltools.arm-none.win32_1.17.0.201812190825/tools/compiler/bin/../lib/gcc/arm-none-eabi/7.3.1/../../../../arm-none-eabi/lib/thumb/v7-m\libc_nano.a
END GROUP
START GROUP
LOAD c:/ac6/systemworkbench/plugins/fr.ac6.mcu.externaltools.arm-none.win32_1.17.0.201812190825/tools/compiler/bin/../lib/gcc/arm-none-eabi/7.3.1/thumb/v7-m\libgcc.a
LOAD c:/ac6/systemworkbench/plugins/fr.ac6.mcu.externaltools.arm-none.win32_1.17.0.201812190825/tools/compiler/bin/../lib/gcc/arm-none-eabi/7.3.1/../../../../arm-none-eabi/lib/thumb/v7-m\libc_nano.a
LOAD c:/ac6/systemworkbench/plugins/fr.ac6.mcu.externaltools.arm-none.win32_1.17.0.201812190825/tools/compiler/bin/../lib/gcc/arm-none-eabi/7.3.1/../../../../arm-none-eabi/lib/thumb/v7-m\libnosys.a
END GROUP
START GROUP
LOAD c:/ac6/systemworkbench/plugins/fr.ac6.mcu.externaltools.arm-none.win32_1.17.0.201812190825/tools/compiler/bin/../lib/gcc/arm-none-eabi/7.3.1/thumb/v7-m\libgcc.a
LOAD c:/ac6/systemworkbench/plugins/fr.ac6.mcu.externaltools.arm-none.win32_1.17.0.201812190825/tools/compiler/bin/../lib/gcc/arm-none-eabi/7.3.1/../../../../arm-none-eabi/lib/thumb/v7-m\libc_nano.a
LOAD c:/ac6/systemworkbench/plugins/fr.ac6.mcu.externaltools.arm-none.win32_1.17.0.201812190825/tools/compiler/bin/../lib/gcc/arm-none-eabi/7.3.1/../../../../arm-none-eabi/lib/thumb/v7-m\libnosys.a
END GROUP
LOAD c:/ac6/systemworkbench/plugins/fr.ac6.mcu.externaltools.arm-none.win32_1.17.0.201812190825/tools/compiler/bin/../lib/gcc/arm-none-eabi/7.3.1/thumb/v7-m/crtend.o
LOAD c:/ac6/systemworkbench/plugins/fr.ac6.mcu.externaltools.arm-none.win32_1.17.0.201812190825/tools/compiler/bin/../lib/gcc/arm-none-eabi/7.3.1/thumb/v7-m/crtn.o
                0x20002800                _estack = 0x20002800
                0x00000200                _Min_Heap_Size = 0x200
                0x00000400                _Min_Stack_Size = 0x400

.isr_vector     0x08000000      0x10c
                0x08000000                . = ALIGN (0x4)
 *(.isr_vector)
 .isr_vector    0x08000000      0x10c startup/startup_stm32f103x6.o
                0x08000000                g_pfnVectors
                0x0800010c                . = ALIGN (0x4)

.text           0x0800010c     0x3c84
                0x0800010c                . = ALIGN (0x4)
 *(.text)
 .text          0x0800010c       0x40 c:/ac6/systemworkbench/plugins/fr.ac6.mcu.externaltools.arm-none.win32_1.17.0.201812190825/tools/compiler/bin/../lib/gcc/arm-none-eabi/7.3.1/thumb/v7-m/crtbegin.o
 .text          0x0800014c       0x10 c:/ac6/systemworkbench/plugins/fr.ac6.mcu.externaltools.arm-none.win32_1.17.0.201812190825/tools/compiler/bin/../lib/gcc/arm-none-eabi/7.3.1/../../../../arm-none-eabi/lib/thumb/v7-m\libc_nano.a(lib_a-strlen.o)
                0x0800014c                strlen
 *(.text*)
 .text.KeyBoardPrint
                0x0800015c       0xf4 Core/Inc/keyBoard.o
                0x0800015c                KeyBoardPrint
 .text.MX_GPIO_Init
                0x08000250       0x30 Core/Src/main.o
 .text.Error_Handler
                0x08000280        0x4 Core/Src/main.o
                0x08000280                Error_Handler
 .text.MX_USART1_UART_Init
                0x08000284       0x34 Core/Src/main.o
 .text.SystemClock_Config
                0x080002b8       0x7e Core/Src/main.o
                0x080002b8                SystemClock_Config
 *fill*         0x08000336        0x2 
 .text.main     0x08000338       0x50 Core/Src/main.o
                0x08000338                main
 .text.HAL_MspInit
                0x08000388       0x44 Core/Src/stm32f1xx_hal_msp.o
                0x08000388                HAL_MspInit
 .text.HAL_UART_MspInit
                0x080003cc       0x78 Core/Src/stm32f1xx_hal_msp.o
                0x080003cc                HAL_UART_MspInit
 .text.NMI_Handler
                0x08000444        0x2 Core/Src/stm32f1xx_it.o
                0x08000444                NMI_Handler
 .text.HardFault_Handler
                0x08000446        0x2 Core/Src/stm32f1xx_it.o
                0x08000446                HardFault_Handler
 .text.MemManage_Handler
                0x08000448        0x2 Core/Src/stm32f1xx_it.o
                0x08000448                MemManage_Handler
 .text.BusFault_Handler
                0x0800044a        0x2 Core/Src/stm32f1xx_it.o
                0x0800044a                BusFault_Handler
 .text.UsageFault_Handler
                0x0800044c        0x2 Core/Src/stm32f1xx_it.o
                0x0800044c                UsageFault_Handler
 .text.SVC_Handler
                0x0800044e        0x2 Core/Src/stm32f1xx_it.o
                0x0800044e                SVC_Handler
 .text.DebugMon_Handler
                0x08000450        0x2 Core/Src/stm32f1xx_it.o
                0x08000450                DebugMon_Handler
 .text.PendSV_Handler
                0x08000452        0x2 Core/Src/stm32f1xx_it.o
                0x08000452                PendSV_Handler
 .text.SysTick_Handler
                0x08000454        0x8 Core/Src/stm32f1xx_it.o
                0x08000454                SysTick_Handler
 .text.USB_LP_CAN1_RX0_IRQHandler
                0x0800045c       0x10 Core/Src/stm32f1xx_it.o
                0x0800045c                USB_LP_CAN1_RX0_IRQHandler
 .text.SystemInit
                0x0800046c        0x2 Core/Src/system_stm32f1xx.o
                0x0800046c                SystemInit
 *fill*         0x0800046e        0x2 
 .text.HAL_InitTick
                0x08000470       0x48 Drivers/STM32F1xx_HAL_Driver/Src/stm32f1xx_hal.o
                0x08000470                HAL_InitTick
 .text.HAL_Init
                0x080004b8       0x24 Drivers/STM32F1xx_HAL_Driver/Src/stm32f1xx_hal.o
                0x080004b8                HAL_Init
 .text.HAL_IncTick
                0x080004dc       0x18 Drivers/STM32F1xx_HAL_Driver/Src/stm32f1xx_hal.o
                0x080004dc                HAL_IncTick
 .text.HAL_GetTick
                0x080004f4        0xc Drivers/STM32F1xx_HAL_Driver/Src/stm32f1xx_hal.o
                0x080004f4                HAL_GetTick
 .text.HAL_Delay
                0x08000500       0x28 Drivers/STM32F1xx_HAL_Driver/Src/stm32f1xx_hal.o
                0x08000500                HAL_Delay
 .text.HAL_NVIC_SetPriorityGrouping
                0x08000528       0x24 Drivers/STM32F1xx_HAL_Driver/Src/stm32f1xx_hal_cortex.o
                0x08000528                HAL_NVIC_SetPriorityGrouping
 .text.HAL_NVIC_SetPriority
                0x0800054c       0x68 Drivers/STM32F1xx_HAL_Driver/Src/stm32f1xx_hal_cortex.o
                0x0800054c                HAL_NVIC_SetPriority
 .text.HAL_NVIC_EnableIRQ
                0x080005b4       0x1c Drivers/STM32F1xx_HAL_Driver/Src/stm32f1xx_hal_cortex.o
                0x080005b4                HAL_NVIC_EnableIRQ
 .text.HAL_SYSTICK_Config
                0x080005d0       0x2c Drivers/STM32F1xx_HAL_Driver/Src/stm32f1xx_hal_cortex.o
                0x080005d0                HAL_SYSTICK_Config
 .text.HAL_GPIO_Init
                0x080005fc      0x1d0 Drivers/STM32F1xx_HAL_Driver/Src/stm32f1xx_hal_gpio.o
                0x080005fc                HAL_GPIO_Init
 .text.HAL_PCD_EP_DB_Receive
                0x080007cc      0x112 Drivers/STM32F1xx_HAL_Driver/Src/stm32f1xx_hal_pcd.o
 .text.HAL_PCD_Init
                0x080008de      0x10c Drivers/STM32F1xx_HAL_Driver/Src/stm32f1xx_hal_pcd.o
                0x080008de                HAL_PCD_Init
 .text.HAL_PCD_Start
                0x080009ea       0x32 Drivers/STM32F1xx_HAL_Driver/Src/stm32f1xx_hal_pcd.o
                0x080009ea                HAL_PCD_Start
 .text.HAL_PCD_EP_DB_Transmit
                0x08000a1c      0x3e0 Drivers/STM32F1xx_HAL_Driver/Src/stm32f1xx_hal_pcd.o
 .text.PCD_EP_ISR_Handler
                0x08000dfc      0x41c Drivers/STM32F1xx_HAL_Driver/Src/stm32f1xx_hal_pcd.o
 .text.HAL_PCD_SetAddress
                0x08001218       0x28 Drivers/STM32F1xx_HAL_Driver/Src/stm32f1xx_hal_pcd.o
                0x08001218                HAL_PCD_SetAddress
 .text.HAL_PCD_IRQHandler
                0x08001240      0x1ce Drivers/STM32F1xx_HAL_Driver/Src/stm32f1xx_hal_pcd.o
                0x08001240                HAL_PCD_IRQHandler
 .text.HAL_PCD_EP_Open
                0x0800140e       0x74 Drivers/STM32F1xx_HAL_Driver/Src/stm32f1xx_hal_pcd.o
                0x0800140e                HAL_PCD_EP_Open
 .text.HAL_PCD_EP_Close
                0x08001482       0x62 Drivers/STM32F1xx_HAL_Driver/Src/stm32f1xx_hal_pcd.o
                0x08001482                HAL_PCD_EP_Close
 .text.HAL_PCD_EP_Receive
                0x080014e4       0x42 Drivers/STM32F1xx_HAL_Driver/Src/stm32f1xx_hal_pcd.o
                0x080014e4                HAL_PCD_EP_Receive
 .text.HAL_PCD_EP_Transmit
                0x08001526       0x4a Drivers/STM32F1xx_HAL_Driver/Src/stm32f1xx_hal_pcd.o
                0x08001526                HAL_PCD_EP_Transmit
 .text.HAL_PCD_EP_SetStall
                0x08001570       0x76 Drivers/STM32F1xx_HAL_Driver/Src/stm32f1xx_hal_pcd.o
                0x08001570                HAL_PCD_EP_SetStall
 .text.HAL_PCD_EP_ClrStall
                0x080015e6       0x74 Drivers/STM32F1xx_HAL_Driver/Src/stm32f1xx_hal_pcd.o
                0x080015e6                HAL_PCD_EP_ClrStall
 .text.HAL_PCDEx_PMAConfig
                0x0800165a       0x3c Drivers/STM32F1xx_HAL_Driver/Src/stm32f1xx_hal_pcd_ex.o
                0x0800165a                HAL_PCDEx_PMAConfig
 *fill*         0x08001696        0x2 
 .text.RCC_Delay
                0x08001698       0x2c Drivers/STM32F1xx_HAL_Driver/Src/stm32f1xx_hal_rcc.o
 .text.HAL_RCC_OscConfig
                0x080016c4      0x410 Drivers/STM32F1xx_HAL_Driver/Src/stm32f1xx_hal_rcc.o
                0x080016c4                HAL_RCC_OscConfig
 .text.HAL_RCC_GetSysClockFreq
                0x08001ad4       0x70 Drivers/STM32F1xx_HAL_Driver/Src/stm32f1xx_hal_rcc.o
                0x08001ad4                HAL_RCC_GetSysClockFreq
 .text.HAL_RCC_ClockConfig
                0x08001b44      0x168 Drivers/STM32F1xx_HAL_Driver/Src/stm32f1xx_hal_rcc.o
                0x08001b44                HAL_RCC_ClockConfig
 .text.HAL_RCC_GetHCLKFreq
                0x08001cac        0xc Drivers/STM32F1xx_HAL_Driver/Src/stm32f1xx_hal_rcc.o
                0x08001cac                HAL_RCC_GetHCLKFreq
 .text.HAL_RCC_GetPCLK1Freq
                0x08001cb8       0x20 Drivers/STM32F1xx_HAL_Driver/Src/stm32f1xx_hal_rcc.o
                0x08001cb8                HAL_RCC_GetPCLK1Freq
 .text.HAL_RCC_GetPCLK2Freq
                0x08001cd8       0x20 Drivers/STM32F1xx_HAL_Driver/Src/stm32f1xx_hal_rcc.o
                0x08001cd8                HAL_RCC_GetPCLK2Freq
 .text.HAL_RCCEx_PeriphCLKConfig
                0x08001cf8      0x114 Drivers/STM32F1xx_HAL_Driver/Src/stm32f1xx_hal_rcc_ex.o
                0x08001cf8                HAL_RCCEx_PeriphCLKConfig
 .text.UART_SetConfig
                0x08001e0c       0x90 Drivers/STM32F1xx_HAL_Driver/Src/stm32f1xx_hal_uart.o
 .text.HAL_UART_Init
                0x08001e9c       0x5e Drivers/STM32F1xx_HAL_Driver/Src/stm32f1xx_hal_uart.o
                0x08001e9c                HAL_UART_Init
 .text.USB_CoreInit
                0x08001efa        0xe Drivers/STM32F1xx_HAL_Driver/Src/stm32f1xx_ll_usb.o
                0x08001efa                USB_CoreInit
 .text.USB_EnableGlobalInt
                0x08001f08       0x12 Drivers/STM32F1xx_HAL_Driver/Src/stm32f1xx_ll_usb.o
                0x08001f08                USB_EnableGlobalInt
 .text.USB_DisableGlobalInt
                0x08001f1a       0x14 Drivers/STM32F1xx_HAL_Driver/Src/stm32f1xx_ll_usb.o
                0x08001f1a                USB_DisableGlobalInt
 .text.USB_SetCurrentMode
                0x08001f2e        0x4 Drivers/STM32F1xx_HAL_Driver/Src/stm32f1xx_ll_usb.o
                0x08001f2e                USB_SetCurrentMode
 .text.USB_DevInit
                0x08001f32       0x26 Drivers/STM32F1xx_HAL_Driver/Src/stm32f1xx_ll_usb.o
                0x08001f32                USB_DevInit
 .text.USB_ActivateEndpoint
                0x08001f58      0x330 Drivers/STM32F1xx_HAL_Driver/Src/stm32f1xx_ll_usb.o
                0x08001f58                USB_ActivateEndpoint
 .text.USB_DeactivateEndpoint
                0x08002288      0x1d4 Drivers/STM32F1xx_HAL_Driver/Src/stm32f1xx_ll_usb.o
                0x08002288                USB_DeactivateEndpoint
 .text.USB_EPSetStall
                0x0800245c       0x4a Drivers/STM32F1xx_HAL_Driver/Src/stm32f1xx_ll_usb.o
                0x0800245c                USB_EPSetStall
 .text.USB_EPClearStall
                0x080024a6       0xa2 Drivers/STM32F1xx_HAL_Driver/Src/stm32f1xx_ll_usb.o
                0x080024a6                USB_EPClearStall
 .text.USB_SetDevAddress
                0x08002548        0xc Drivers/STM32F1xx_HAL_Driver/Src/stm32f1xx_ll_usb.o
                0x08002548                USB_SetDevAddress
 .text.USB_DevConnect
                0x08002554        0x4 Drivers/STM32F1xx_HAL_Driver/Src/stm32f1xx_ll_usb.o
                0x08002554                USB_DevConnect
 .text.USB_DevDisconnect
                0x08002558        0x4 Drivers/STM32F1xx_HAL_Driver/Src/stm32f1xx_ll_usb.o
                0x08002558                USB_DevDisconnect
 .text.USB_ReadInterrupts
                0x0800255c        0x6 Drivers/STM32F1xx_HAL_Driver/Src/stm32f1xx_ll_usb.o
                0x0800255c                USB_ReadInterrupts
 .text.USB_EP0_OutStart
                0x08002562        0x4 Drivers/STM32F1xx_HAL_Driver/Src/stm32f1xx_ll_usb.o
                0x08002562                USB_EP0_OutStart
 .text.USB_WritePMA
                0x08002566       0x2a Drivers/STM32F1xx_HAL_Driver/Src/stm32f1xx_ll_usb.o
                0x08002566                USB_WritePMA
 .text.USB_EPStartXfer
                0x08002590      0x824 Drivers/STM32F1xx_HAL_Driver/Src/stm32f1xx_ll_usb.o
                0x08002590                USB_EPStartXfer
 .text.USB_ReadPMA
                0x08002db4       0x30 Drivers/STM32F1xx_HAL_Driver/Src/stm32f1xx_ll_usb.o
                0x08002db4                USB_ReadPMA
 .text.USBD_HID_GetFSCfgDesc
                0x08002de4        0xc Middlewares/ST/STM32_USB_Device_Library/Class/HID/Src/usbd_hid.o
 .text.USBD_HID_GetHSCfgDesc
                0x08002df0        0xc Middlewares/ST/STM32_USB_Device_Library/Class/HID/Src/usbd_hid.o
 .text.USBD_HID_GetOtherSpeedCfgDesc
                0x08002dfc        0xc Middlewares/ST/STM32_USB_Device_Library/Class/HID/Src/usbd_hid.o
 .text.USBD_HID_DataIn
                0x08002e08        0xa Middlewares/ST/STM32_USB_Device_Library/Class/HID/Src/usbd_hid.o
 *fill*         0x08002e12        0x2 
 .text.USBD_HID_GetDeviceQualifierDesc
                0x08002e14        0xc Middlewares/ST/STM32_USB_Device_Library/Class/HID/Src/usbd_hid.o
 .text.USBD_HID_Setup
                0x08002e20      0x118 Middlewares/ST/STM32_USB_Device_Library/Class/HID/Src/usbd_hid.o
 .text.USBD_HID_DeInit
                0x08002f38       0x22 Middlewares/ST/STM32_USB_Device_Library/Class/HID/Src/usbd_hid.o
 .text.USBD_HID_Init
                0x08002f5a       0x2a Middlewares/ST/STM32_USB_Device_Library/Class/HID/Src/usbd_hid.o
 .text.USBD_HID_SendReport
                0x08002f84       0x28 Middlewares/ST/STM32_USB_Device_Library/Class/HID/Src/usbd_hid.o
                0x08002f84                USBD_HID_SendReport
 .text.USBD_Init
                0x08002fac       0x2e Middlewares/ST/STM32_USB_Device_Library/Core/Src/usbd_core.o
                0x08002fac                USBD_Init
 .text.USBD_RegisterClass
                0x08002fda        0xe Middlewares/ST/STM32_USB_Device_Library/Core/Src/usbd_core.o
                0x08002fda                USBD_RegisterClass
 .text.USBD_Start
                0x08002fe8        0xa Middlewares/ST/STM32_USB_Device_Library/Core/Src/usbd_core.o
                0x08002fe8                USBD_Start
 .text.USBD_SetClassConfig
                0x08002ff2       0x1a Middlewares/ST/STM32_USB_Device_Library/Core/Src/usbd_core.o
                0x08002ff2                USBD_SetClassConfig
 .text.USBD_ClrClassConfig
                0x0800300c        0xe Middlewares/ST/STM32_USB_Device_Library/Core/Src/usbd_core.o
                0x0800300c                USBD_ClrClassConfig
 .text.USBD_LL_SetupStage
                0x0800301a       0x5a Middlewares/ST/STM32_USB_Device_Library/Core/Src/usbd_core.o
                0x0800301a                USBD_LL_SetupStage
 .text.USBD_LL_DataOutStage
                0x08003074       0x92 Middlewares/ST/STM32_USB_Device_Library/Core/Src/usbd_core.o
                0x08003074                USBD_LL_DataOutStage
 .text.USBD_LL_DataInStage
                0x08003106       0xd2 Middlewares/ST/STM32_USB_Device_Library/Core/Src/usbd_core.o
                0x08003106                USBD_LL_DataInStage
 .text.USBD_LL_Reset
                0x080031d8       0x50 Middlewares/ST/STM32_USB_Device_Library/Core/Src/usbd_core.o
                0x080031d8                USBD_LL_Reset
 .text.USBD_LL_SetSpeed
                0x08003228        0x6 Middlewares/ST/STM32_USB_Device_Library/Core/Src/usbd_core.o
                0x08003228                USBD_LL_SetSpeed
 .text.USBD_LL_Suspend
                0x0800322e       0x12 Middlewares/ST/STM32_USB_Device_Library/Core/Src/usbd_core.o
                0x0800322e                USBD_LL_Suspend
 .text.USBD_LL_Resume
                0x08003240       0x16 Middlewares/ST/STM32_USB_Device_Library/Core/Src/usbd_core.o
                0x08003240                USBD_LL_Resume
 .text.USBD_LL_SOF
                0x08003256       0x1c Middlewares/ST/STM32_USB_Device_Library/Core/Src/usbd_core.o
                0x08003256                USBD_LL_SOF
 .text.USBD_GetLen
                0x08003272       0x14 Middlewares/ST/STM32_USB_Device_Library/Core/Src/usbd_ctlreq.o
 .text.USBD_SetFeature
                0x08003286       0x14 Middlewares/ST/STM32_USB_Device_Library/Core/Src/usbd_ctlreq.o
 .text.USBD_ParseSetupRequest
                0x0800329a       0x28 Middlewares/ST/STM32_USB_Device_Library/Core/Src/usbd_ctlreq.o
                0x0800329a                USBD_ParseSetupRequest
 .text.USBD_CtlError
                0x080032c2       0x14 Middlewares/ST/STM32_USB_Device_Library/Core/Src/usbd_ctlreq.o
                0x080032c2                USBD_CtlError
 .text.USBD_GetDescriptor
                0x080032d6      0x186 Middlewares/ST/STM32_USB_Device_Library/Core/Src/usbd_ctlreq.o
 .text.USBD_SetAddress
                0x0800345c       0x4e Middlewares/ST/STM32_USB_Device_Library/Core/Src/usbd_ctlreq.o
 *fill*         0x080034aa        0x2 
 .text.USBD_SetConfig
                0x080034ac       0xb0 Middlewares/ST/STM32_USB_Device_Library/Core/Src/usbd_ctlreq.o
 .text.USBD_GetConfig
                0x0800355c       0x3c Middlewares/ST/STM32_USB_Device_Library/Core/Src/usbd_ctlreq.o
 .text.USBD_GetStatus
                0x08003598       0x38 Middlewares/ST/STM32_USB_Device_Library/Core/Src/usbd_ctlreq.o
 .text.USBD_ClrFeature
                0x080035d0       0x26 Middlewares/ST/STM32_USB_Device_Library/Core/Src/usbd_ctlreq.o
 .text.USBD_StdDevReq
                0x080035f6       0x68 Middlewares/ST/STM32_USB_Device_Library/Core/Src/usbd_ctlreq.o
                0x080035f6                USBD_StdDevReq
 .text.USBD_StdItfReq
                0x0800365e       0x60 Middlewares/ST/STM32_USB_Device_Library/Core/Src/usbd_ctlreq.o
                0x0800365e                USBD_StdItfReq
 .text.USBD_StdEPReq
                0x080036be      0x20e Middlewares/ST/STM32_USB_Device_Library/Core/Src/usbd_ctlreq.o
                0x080036be                USBD_StdEPReq
 .text.USBD_GetString
                0x080038cc       0x38 Middlewares/ST/STM32_USB_Device_Library/Core/Src/usbd_ctlreq.o
                0x080038cc                USBD_GetString
 .text.USBD_CtlSendData
                0x08003904       0x1a Middlewares/ST/STM32_USB_Device_Library/Core/Src/usbd_ioreq.o
                0x08003904                USBD_CtlSendData
 .text.USBD_CtlContinueSendData
                0x0800391e       0x10 Middlewares/ST/STM32_USB_Device_Library/Core/Src/usbd_ioreq.o
                0x0800391e                USBD_CtlContinueSendData
 .text.USBD_CtlContinueRx
                0x0800392e       0x10 Middlewares/ST/STM32_USB_Device_Library/Core/Src/usbd_ioreq.o
                0x0800392e                USBD_CtlContinueRx
 .text.USBD_CtlSendStatus
                0x0800393e       0x16 Middlewares/ST/STM32_USB_Device_Library/Core/Src/usbd_ioreq.o
                0x0800393e                USBD_CtlSendStatus
 .text.USBD_CtlReceiveStatus
                0x08003954       0x16 Middlewares/ST/STM32_USB_Device_Library/Core/Src/usbd_ioreq.o
                0x08003954                USBD_CtlReceiveStatus
 *fill*         0x0800396a        0x2 
 .text.MX_USB_DEVICE_Init
                0x0800396c       0x40 USB_DEVICE/App/usb_device.o
                0x0800396c                MX_USB_DEVICE_Init
 .text.USBD_FS_DeviceDescriptor
                0x080039ac        0xc USB_DEVICE/App/usbd_desc.o
                0x080039ac                USBD_FS_DeviceDescriptor
 .text.USBD_FS_LangIDStrDescriptor
                0x080039b8        0xc USB_DEVICE/App/usbd_desc.o
                0x080039b8                USBD_FS_LangIDStrDescriptor
 .text.IntToUnicode
                0x080039c4       0x36 USB_DEVICE/App/usbd_desc.o
 *fill*         0x080039fa        0x2 
 .text.Get_SerialNum
                0x080039fc       0x38 USB_DEVICE/App/usbd_desc.o
 .text.USBD_FS_SerialStrDescriptor
                0x08003a34       0x14 USB_DEVICE/App/usbd_desc.o
                0x08003a34                USBD_FS_SerialStrDescriptor
 .text.USBD_FS_ProductStrDescriptor
                0x08003a48       0x24 USB_DEVICE/App/usbd_desc.o
                0x08003a48                USBD_FS_ProductStrDescriptor
 .text.USBD_FS_ManufacturerStrDescriptor
                0x08003a6c       0x1c USB_DEVICE/App/usbd_desc.o
                0x08003a6c                USBD_FS_ManufacturerStrDescriptor
 .text.USBD_FS_ConfigStrDescriptor
                0x08003a88       0x24 USB_DEVICE/App/usbd_desc.o
                0x08003a88                USBD_FS_ConfigStrDescriptor
 .text.USBD_FS_InterfaceStrDescriptor
                0x08003aac       0x24 USB_DEVICE/App/usbd_desc.o
                0x08003aac                USBD_FS_InterfaceStrDescriptor
 .text.USBD_Get_USB_Status
                0x08003ad0       0x12 USB_DEVICE/Target/usbd_conf.o
 *fill*         0x08003ae2        0x2 
 .text.HAL_PCD_MspInit
                0x08003ae4       0x40 USB_DEVICE/Target/usbd_conf.o
                0x08003ae4                HAL_PCD_MspInit
 .text.HAL_PCD_SetupStageCallback
                0x08003b24       0x10 USB_DEVICE/Target/usbd_conf.o
                0x08003b24                HAL_PCD_SetupStageCallback
 .text.HAL_PCD_DataOutStageCallback
                0x08003b34       0x18 USB_DEVICE/Target/usbd_conf.o
                0x08003b34                HAL_PCD_DataOutStageCallback
 .text.HAL_PCD_DataInStageCallback
                0x08003b4c       0x16 USB_DEVICE/Target/usbd_conf.o
                0x08003b4c                HAL_PCD_DataInStageCallback
 .text.HAL_PCD_SOFCallback
                0x08003b62        0xc USB_DEVICE/Target/usbd_conf.o
                0x08003b62                HAL_PCD_SOFCallback
 .text.HAL_PCD_ResetCallback
                0x08003b6e       0x22 USB_DEVICE/Target/usbd_conf.o
                0x08003b6e                HAL_PCD_ResetCallback
 .text.HAL_PCD_SuspendCallback
                0x08003b90       0x20 USB_DEVICE/Target/usbd_conf.o
                0x08003b90                HAL_PCD_SuspendCallback
 .text.HAL_PCD_ResumeCallback
                0x08003bb0        0xc USB_DEVICE/Target/usbd_conf.o
                0x08003bb0                HAL_PCD_ResumeCallback
 .text.USBD_LL_Init
                0x08003bbc       0x68 USB_DEVICE/Target/usbd_conf.o
                0x08003bbc                USBD_LL_Init
 .text.USBD_LL_Start
                0x08003c24       0x10 USB_DEVICE/Target/usbd_conf.o
                0x08003c24                USBD_LL_Start
 .text.USBD_LL_OpenEP
                0x08003c34       0x16 USB_DEVICE/Target/usbd_conf.o
                0x08003c34                USBD_LL_OpenEP
 .text.USBD_LL_CloseEP
                0x08003c4a       0x10 USB_DEVICE/Target/usbd_conf.o
                0x08003c4a                USBD_LL_CloseEP
 .text.USBD_LL_StallEP
                0x08003c5a       0x10 USB_DEVICE/Target/usbd_conf.o
                0x08003c5a                USBD_LL_StallEP
 .text.USBD_LL_ClearStallEP
                0x08003c6a       0x10 USB_DEVICE/Target/usbd_conf.o
                0x08003c6a                USBD_LL_ClearStallEP
 .text.USBD_LL_IsStallEP
                0x08003c7a       0x2e USB_DEVICE/Target/usbd_conf.o
                0x08003c7a                USBD_LL_IsStallEP
 .text.USBD_LL_SetUSBAddress
                0x08003ca8       0x10 USB_DEVICE/Target/usbd_conf.o
                0x08003ca8                USBD_LL_SetUSBAddress
 .text.USBD_LL_Transmit
                0x08003cb8       0x10 USB_DEVICE/Target/usbd_conf.o
                0x08003cb8                USBD_LL_Transmit
 .text.USBD_LL_PrepareReceive
                0x08003cc8       0x10 USB_DEVICE/Target/usbd_conf.o
                0x08003cc8                USBD_LL_PrepareReceive
 .text.USBD_static_malloc
                0x08003cd8        0x8 USB_DEVICE/Target/usbd_conf.o
                0x08003cd8                USBD_static_malloc
 .text.USBD_static_free
                0x08003ce0        0x2 USB_DEVICE/Target/usbd_conf.o
                0x08003ce0                USBD_static_free
 .text.HAL_PCDEx_SetConnectionState
                0x08003ce2        0x2 USB_DEVICE/Target/usbd_conf.o
                0x08003ce2                HAL_PCDEx_SetConnectionState
 .text.Reset_Handler
                0x08003ce4       0x48 startup/startup_stm32f103x6.o
                0x08003ce4                Reset_Handler
 .text.Default_Handler
                0x08003d2c        0x2 startup/startup_stm32f103x6.o
                0x08003d2c                RTC_Alarm_IRQHandler
                0x08003d2c                EXTI2_IRQHandler
                0x08003d2c                TIM1_CC_IRQHandler
                0x08003d2c                PVD_IRQHandler
                0x08003d2c                EXTI3_IRQHandler
                0x08003d2c                EXTI0_IRQHandler
                0x08003d2c                ADC1_2_IRQHandler
                0x08003d2c                SPI1_IRQHandler
                0x08003d2c                TAMPER_IRQHandler
                0x08003d2c                DMA1_Channel4_IRQHandler
                0x08003d2c                RTC_IRQHandler
                0x08003d2c                DMA1_Channel7_IRQHandler
                0x08003d2c                CAN1_RX1_IRQHandler
                0x08003d2c                I2C1_EV_IRQHandler
                0x08003d2c                DMA1_Channel6_IRQHandler
                0x08003d2c                TIM3_IRQHandler
                0x08003d2c                RCC_IRQHandler
                0x08003d2c                TIM1_TRG_COM_IRQHandler
                0x08003d2c                DMA1_Channel1_IRQHandler
                0x08003d2c                Default_Handler
                0x08003d2c                EXTI15_10_IRQHandler
                0x08003d2c                EXTI9_5_IRQHandler
                0x08003d2c                DMA1_Channel5_IRQHandler
                0x08003d2c                EXTI4_IRQHandler
                0x08003d2c                USB_HP_CAN1_TX_IRQHandler
                0x08003d2c                DMA1_Channel3_IRQHandler
                0x08003d2c                TIM1_UP_IRQHandler
                0x08003d2c                WWDG_IRQHandler
                0x08003d2c                TIM2_IRQHandler
                0x08003d2c                TIM1_BRK_IRQHandler
                0x08003d2c                EXTI1_IRQHandler
                0x08003d2c                USART2_IRQHandler
                0x08003d2c                DMA1_Channel2_IRQHandler
                0x08003d2c                CAN1_SCE_IRQHandler
                0x08003d2c                FLASH_IRQHandler
                0x08003d2c                USART1_IRQHandler
                0x08003d2c                I2C1_ER_IRQHandler
                0x08003d2c                USBWakeUp_IRQHandler
 *fill*         0x08003d2e        0x2 
 .text.__libc_init_array
                0x08003d30       0x48 c:/ac6/systemworkbench/plugins/fr.ac6.mcu.externaltools.arm-none.win32_1.17.0.201812190825/tools/compiler/bin/../lib/gcc/arm-none-eabi/7.3.1/../../../../arm-none-eabi/lib/thumb/v7-m\libc_nano.a(lib_a-init.o)
                0x08003d30                __libc_init_array
 *(.glue_7)
 .glue_7        0x08003d78        0x0 linker stubs
 *(.glue_7t)
 .glue_7t       0x08003d78        0x0 linker stubs
 *(.eh_frame)
 .eh_frame      0x08003d78        0x0 c:/ac6/systemworkbench/plugins/fr.ac6.mcu.externaltools.arm-none.win32_1.17.0.201812190825/tools/compiler/bin/../lib/gcc/arm-none-eabi/7.3.1/thumb/v7-m/crtbegin.o
 *(.init)
 .init          0x08003d78        0x4 c:/ac6/systemworkbench/plugins/fr.ac6.mcu.externaltools.arm-none.win32_1.17.0.201812190825/tools/compiler/bin/../lib/gcc/arm-none-eabi/7.3.1/thumb/v7-m/crti.o
                0x08003d78                _init
 .init          0x08003d7c        0x8 c:/ac6/systemworkbench/plugins/fr.ac6.mcu.externaltools.arm-none.win32_1.17.0.201812190825/tools/compiler/bin/../lib/gcc/arm-none-eabi/7.3.1/thumb/v7-m/crtn.o
 *(.fini)
 .fini          0x08003d84        0x4 c:/ac6/systemworkbench/plugins/fr.ac6.mcu.externaltools.arm-none.win32_1.17.0.201812190825/tools/compiler/bin/../lib/gcc/arm-none-eabi/7.3.1/thumb/v7-m/crti.o
                0x08003d84                _fini
 .fini          0x08003d88        0x8 c:/ac6/systemworkbench/plugins/fr.ac6.mcu.externaltools.arm-none.win32_1.17.0.201812190825/tools/compiler/bin/../lib/gcc/arm-none-eabi/7.3.1/thumb/v7-m/crtn.o
                0x08003d90                . = ALIGN (0x4)
                0x08003d90                _etext = .

.vfp11_veneer   0x08003d90        0x0
 .vfp11_veneer  0x08003d90        0x0 linker stubs

.v4_bx          0x08003d90        0x0
 .v4_bx         0x08003d90        0x0 linker stubs

.iplt           0x08003d90        0x0
 .iplt          0x08003d90        0x0 c:/ac6/systemworkbench/plugins/fr.ac6.mcu.externaltools.arm-none.win32_1.17.0.201812190825/tools/compiler/bin/../lib/gcc/arm-none-eabi/7.3.1/thumb/v7-m/crtbegin.o

.rodata         0x08003d90       0xb4
                0x08003d90                . = ALIGN (0x4)
 *(.rodata)
 .rodata        0x08003d90       0x18 Core/Src/system_stm32f1xx.o
                0x08003d90                AHBPrescTable
                0x08003da0                APBPrescTable
 .rodata        0x08003da8       0x12 Drivers/STM32F1xx_HAL_Driver/Src/stm32f1xx_hal_rcc.o
 *(.rodata*)
 *fill*         0x08003dba        0x2 
 .rodata.str1.4
                0x08003dbc       0x39 Core/Src/main.o
 *fill*         0x08003df5        0x3 
 .rodata.str1.4
                0x08003df8       0x4c USB_DEVICE/App/usbd_desc.o
                                 0x4a (size before relaxing)
                0x08003e44                . = ALIGN (0x4)

.rel.dyn        0x08003e44        0x0
 .rel.iplt      0x08003e44        0x0 c:/ac6/systemworkbench/plugins/fr.ac6.mcu.externaltools.arm-none.win32_1.17.0.201812190825/tools/compiler/bin/../lib/gcc/arm-none-eabi/7.3.1/thumb/v7-m/crtbegin.o

.ARM.extab
 *(.ARM.extab* .gnu.linkonce.armextab.*)

.ARM            0x08003e44        0x0
                0x08003e44                __exidx_start = .
 *(.ARM.exidx*)
                0x08003e44                __exidx_end = .

.preinit_array  0x08003e44        0x0
                0x08003e44                PROVIDE (__preinit_array_start = .)
 *(.preinit_array*)
                0x08003e44                PROVIDE (__preinit_array_end = .)

.init_array     0x08003e44        0x4
                0x08003e44                PROVIDE (__init_array_start = .)
 *(SORT_BY_NAME(.init_array.*))
 *(.init_array*)
 .init_array    0x08003e44        0x4 c:/ac6/systemworkbench/plugins/fr.ac6.mcu.externaltools.arm-none.win32_1.17.0.201812190825/tools/compiler/bin/../lib/gcc/arm-none-eabi/7.3.1/thumb/v7-m/crtbegin.o
                0x08003e48                PROVIDE (__init_array_end = .)

.fini_array     0x08003e48        0x4
                [!provide]                PROVIDE (__fini_array_start = .)
 *(SORT_BY_NAME(.fini_array.*))
 *(.fini_array*)
 .fini_array    0x08003e48        0x4 c:/ac6/systemworkbench/plugins/fr.ac6.mcu.externaltools.arm-none.win32_1.17.0.201812190825/tools/compiler/bin/../lib/gcc/arm-none-eabi/7.3.1/thumb/v7-m/crtbegin.o
                [!provide]                PROVIDE (__fini_array_end = .)
                0x08003e4c                _sidata = LOADADDR (.data)

.data           0x20000000      0x158 load address 0x08003e4c
                0x20000000                . = ALIGN (0x4)
                0x20000000                _sdata = .
 *(.data)
 .data          0x20000000        0x4 Core/Src/system_stm32f1xx.o
                0x20000000                SystemCoreClock
 .data          0x20000004        0x8 Drivers/STM32F1xx_HAL_Driver/Src/stm32f1xx_hal.o
                0x20000004                uwTickFreq
                0x20000008                uwTickPrio
 .data          0x2000000c       0xfc Middlewares/ST/STM32_USB_Device_Library/Class/HID/Src/usbd_hid.o
                0x200000d0                USBD_HID
 .data          0x20000108       0x50 USB_DEVICE/App/usbd_desc.o
                0x20000108                USBD_FS_DeviceDesc
                0x2000011c                USBD_LangIDDesc
                0x20000120                USBD_StringSerial
                0x2000013c                FS_Desc
 *(.data*)
                0x20000158                . = ALIGN (0x4)
                0x20000158                _edata = .

.igot.plt       0x20000158        0x0 load address 0x08003fa4
 .igot.plt      0x20000158        0x0 c:/ac6/systemworkbench/plugins/fr.ac6.mcu.externaltools.arm-none.win32_1.17.0.201812190825/tools/compiler/bin/../lib/gcc/arm-none-eabi/7.3.1/thumb/v7-m/crtbegin.o
                0x20000158                . = ALIGN (0x4)

.bss            0x20000158      0x898 load address 0x08003fa4
                0x20000158                _sbss = .
                0x20000158                __bss_start__ = _sbss
 *(.bss)
 .bss           0x20000158       0x1c c:/ac6/systemworkbench/plugins/fr.ac6.mcu.externaltools.arm-none.win32_1.17.0.201812190825/tools/compiler/bin/../lib/gcc/arm-none-eabi/7.3.1/thumb/v7-m/crtbegin.o
 .bss           0x20000174        0x8 Core/Inc/keyBoard.o
                0x20000174                keyBoardHIDsub
 .bss           0x2000017c       0x64 Core/Src/main.o
                0x2000017c                msg_buff
 .bss           0x200001e0        0x1 Middlewares/ST/STM32_USB_Device_Library/Core/Src/usbd_ctlreq.o
 *fill*         0x200001e1        0x3 
 .bss           0x200001e4       0x14 USB_DEVICE/Target/usbd_conf.o
 *(.bss*)
 *(COMMON)
 COMMON         0x200001f8       0x44 Core/Src/main.o
                0x200001f8                huart1
 COMMON         0x2000023c        0x4 Drivers/STM32F1xx_HAL_Driver/Src/stm32f1xx_hal.o
                0x2000023c                uwTick
 COMMON         0x20000240      0x2c4 USB_DEVICE/App/usb_device.o
                0x20000240                hUsbDeviceFS
 COMMON         0x20000504      0x200 USB_DEVICE/App/usbd_desc.o
                0x20000504                USBD_StrDesc
 COMMON         0x20000704      0x2ec USB_DEVICE/Target/usbd_conf.o
                0x20000704                hpcd_USB_FS
                0x200009f0                . = ALIGN (0x4)
                0x200009f0                _ebss = .
                0x200009f0                __bss_end__ = _ebss

._user_heap_stack
                0x200009f0      0x600 load address 0x08003fa4
                0x200009f0                . = ALIGN (0x8)
                0x200009f0                PROVIDE (end = .)
                [!provide]                PROVIDE (_end = .)
                0x20000bf0                . = (. + _Min_Heap_Size)
 *fill*         0x200009f0      0x200 
                0x20000ff0                . = (. + _Min_Stack_Size)
 *fill*         0x20000bf0      0x400 
                0x20000ff0                . = ALIGN (0x8)

/DISCARD/
 libc.a(*)
 libm.a(*)
 libgcc.a(*)

.ARM.attributes
                0x00000000       0x29
 *(.ARM.attributes)
 .ARM.attributes
                0x00000000       0x1d c:/ac6/systemworkbench/plugins/fr.ac6.mcu.externaltools.arm-none.win32_1.17.0.201812190825/tools/compiler/bin/../lib/gcc/arm-none-eabi/7.3.1/thumb/v7-m/crti.o
 .ARM.attributes
                0x0000001d       0x2d c:/ac6/systemworkbench/plugins/fr.ac6.mcu.externaltools.arm-none.win32_1.17.0.201812190825/tools/compiler/bin/../lib/gcc/arm-none-eabi/7.3.1/thumb/v7-m/crtbegin.o
 .ARM.attributes
                0x0000004a       0x33 Core/Inc/keyBoard.o
 .ARM.attributes
                0x0000007d       0x33 Core/Src/main.o
 .ARM.attributes
                0x000000b0       0x33 Core/Src/stm32f1xx_hal_msp.o
 .ARM.attributes
                0x000000e3       0x33 Core/Src/stm32f1xx_it.o
 .ARM.attributes
                0x00000116       0x33 Core/Src/system_stm32f1xx.o
 .ARM.attributes
                0x00000149       0x33 Drivers/STM32F1xx_HAL_Driver/Src/stm32f1xx_hal.o
 .ARM.attributes
                0x0000017c       0x33 Drivers/STM32F1xx_HAL_Driver/Src/stm32f1xx_hal_cortex.o
 .ARM.attributes
                0x000001af       0x33 Drivers/STM32F1xx_HAL_Driver/Src/stm32f1xx_hal_gpio.o
 .ARM.attributes
                0x000001e2       0x33 Drivers/STM32F1xx_HAL_Driver/Src/stm32f1xx_hal_pcd.o
 .ARM.attributes
                0x00000215       0x33 Drivers/STM32F1xx_HAL_Driver/Src/stm32f1xx_hal_pcd_ex.o
 .ARM.attributes
                0x00000248       0x33 Drivers/STM32F1xx_HAL_Driver/Src/stm32f1xx_hal_rcc.o
 .ARM.attributes
                0x0000027b       0x33 Drivers/STM32F1xx_HAL_Driver/Src/stm32f1xx_hal_rcc_ex.o
 .ARM.attributes
                0x000002ae       0x33 Drivers/STM32F1xx_HAL_Driver/Src/stm32f1xx_hal_uart.o
 .ARM.attributes
                0x000002e1       0x33 Drivers/STM32F1xx_HAL_Driver/Src/stm32f1xx_ll_usb.o
 .ARM.attributes
                0x00000314       0x33 Middlewares/ST/STM32_USB_Device_Library/Class/HID/Src/usbd_hid.o
 .ARM.attributes
                0x00000347       0x33 Middlewares/ST/STM32_USB_Device_Library/Core/Src/usbd_core.o
 .ARM.attributes
                0x0000037a       0x33 Middlewares/ST/STM32_USB_Device_Library/Core/Src/usbd_ctlreq.o
 .ARM.attributes
                0x000003ad       0x33 Middlewares/ST/STM32_USB_Device_Library/Core/Src/usbd_ioreq.o
 .ARM.attributes
                0x000003e0       0x33 USB_DEVICE/App/usb_device.o
 .ARM.attributes
                0x00000413       0x33 USB_DEVICE/App/usbd_desc.o
 .ARM.attributes
                0x00000446       0x33 USB_DEVICE/Target/usbd_conf.o
 .ARM.attributes
                0x00000479       0x21 startup/startup_stm32f103x6.o
 .ARM.attributes
                0x0000049a       0x2d c:/ac6/systemworkbench/plugins/fr.ac6.mcu.externaltools.arm-none.win32_1.17.0.201812190825/tools/compiler/bin/../lib/gcc/arm-none-eabi/7.3.1/../../../../arm-none-eabi/lib/thumb/v7-m\libc_nano.a(lib_a-init.o)
 .ARM.attributes
                0x000004c7       0x17 c:/ac6/systemworkbench/plugins/fr.ac6.mcu.externaltools.arm-none.win32_1.17.0.201812190825/tools/compiler/bin/../lib/gcc/arm-none-eabi/7.3.1/../../../../arm-none-eabi/lib/thumb/v7-m\libc_nano.a(lib_a-strlen.o)
 .ARM.attributes
                0x000004de       0x1d c:/ac6/systemworkbench/plugins/fr.ac6.mcu.externaltools.arm-none.win32_1.17.0.201812190825/tools/compiler/bin/../lib/gcc/arm-none-eabi/7.3.1/thumb/v7-m/crtn.o
OUTPUT(STM32_HID_Device.elf elf32-littlearm)

.debug_info     0x00000000    0x145ab
 .debug_info    0x00000000      0xfd2 Core/Inc/keyBoard.o
 .debug_info    0x00000fd2     0x1637 Core/Src/main.o
 .debug_info    0x00002609      0x8b7 Core/Src/stm32f1xx_hal_msp.o
 .debug_info    0x00002ec0      0x6dc Core/Src/stm32f1xx_it.o
 .debug_info    0x0000359c      0x29d Core/Src/system_stm32f1xx.o
 .debug_info    0x00003839      0x7a2 Drivers/STM32F1xx_HAL_Driver/Src/stm32f1xx_hal.o
 .debug_info    0x00003fdb      0xc97 Drivers/STM32F1xx_HAL_Driver/Src/stm32f1xx_hal_cortex.o
 .debug_info    0x00004c72      0x6ab Drivers/STM32F1xx_HAL_Driver/Src/stm32f1xx_hal_gpio.o
 .debug_info    0x0000531d     0x1930 Drivers/STM32F1xx_HAL_Driver/Src/stm32f1xx_hal_pcd.o
 .debug_info    0x00006c4d      0x786 Drivers/STM32F1xx_HAL_Driver/Src/stm32f1xx_hal_pcd_ex.o
 .debug_info    0x000073d3      0x9ef Drivers/STM32F1xx_HAL_Driver/Src/stm32f1xx_hal_rcc.o
 .debug_info    0x00007dc2      0x497 Drivers/STM32F1xx_HAL_Driver/Src/stm32f1xx_hal_rcc_ex.o
 .debug_info    0x00008259     0x1a3f Drivers/STM32F1xx_HAL_Driver/Src/stm32f1xx_hal_uart.o
 .debug_info    0x00009c98     0x1977 Drivers/STM32F1xx_HAL_Driver/Src/stm32f1xx_ll_usb.o
 .debug_info    0x0000b60f     0x12d4 Middlewares/ST/STM32_USB_Device_Library/Class/HID/Src/usbd_hid.o
 .debug_info    0x0000c8e3     0x156d Middlewares/ST/STM32_USB_Device_Library/Core/Src/usbd_core.o
 .debug_info    0x0000de50     0x1892 Middlewares/ST/STM32_USB_Device_Library/Core/Src/usbd_ctlreq.o
 .debug_info    0x0000f6e2     0x103d Middlewares/ST/STM32_USB_Device_Library/Core/Src/usbd_ioreq.o
 .debug_info    0x0001071f      0xe6e USB_DEVICE/App/usb_device.o
 .debug_info    0x0001158d      0xe67 USB_DEVICE/App/usbd_desc.o
 .debug_info    0x000123f4     0x2195 USB_DEVICE/Target/usbd_conf.o
 .debug_info    0x00014589       0x22 startup/startup_stm32f103x6.o

.debug_abbrev   0x00000000     0x2ffe
 .debug_abbrev  0x00000000      0x24b Core/Inc/keyBoard.o
 .debug_abbrev  0x0000024b      0x2cb Core/Src/main.o
 .debug_abbrev  0x00000516      0x1a9 Core/Src/stm32f1xx_hal_msp.o
 .debug_abbrev  0x000006bf      0x173 Core/Src/stm32f1xx_it.o
 .debug_abbrev  0x00000832      0x134 Core/Src/system_stm32f1xx.o
 .debug_abbrev  0x00000966      0x1ed Drivers/STM32F1xx_HAL_Driver/Src/stm32f1xx_hal.o
 .debug_abbrev  0x00000b53      0x303 Drivers/STM32F1xx_HAL_Driver/Src/stm32f1xx_hal_cortex.o
 .debug_abbrev  0x00000e56      0x1de Drivers/STM32F1xx_HAL_Driver/Src/stm32f1xx_hal_gpio.o
 .debug_abbrev  0x00001034      0x2a1 Drivers/STM32F1xx_HAL_Driver/Src/stm32f1xx_hal_pcd.o
 .debug_abbrev  0x000012d5      0x197 Drivers/STM32F1xx_HAL_Driver/Src/stm32f1xx_hal_pcd_ex.o
 .debug_abbrev  0x0000146c      0x257 Drivers/STM32F1xx_HAL_Driver/Src/stm32f1xx_hal_rcc.o
 .debug_abbrev  0x000016c3      0x1c9 Drivers/STM32F1xx_HAL_Driver/Src/stm32f1xx_hal_rcc_ex.o
 .debug_abbrev  0x0000188c      0x26e Drivers/STM32F1xx_HAL_Driver/Src/stm32f1xx_hal_uart.o
 .debug_abbrev  0x00001afa      0x235 Drivers/STM32F1xx_HAL_Driver/Src/stm32f1xx_ll_usb.o
 .debug_abbrev  0x00001d2f      0x2b4 Middlewares/ST/STM32_USB_Device_Library/Class/HID/Src/usbd_hid.o
 .debug_abbrev  0x00001fe3      0x2ac Middlewares/ST/STM32_USB_Device_Library/Core/Src/usbd_core.o
 .debug_abbrev  0x0000228f      0x329 Middlewares/ST/STM32_USB_Device_Library/Core/Src/usbd_ctlreq.o
 .debug_abbrev  0x000025b8      0x215 Middlewares/ST/STM32_USB_Device_Library/Core/Src/usbd_ioreq.o
 .debug_abbrev  0x000027cd      0x213 USB_DEVICE/App/usb_device.o
 .debug_abbrev  0x000029e0      0x2e5 USB_DEVICE/App/usbd_desc.o
 .debug_abbrev  0x00002cc5      0x327 USB_DEVICE/Target/usbd_conf.o
 .debug_abbrev  0x00002fec       0x12 startup/startup_stm32f103x6.o

.debug_loc      0x00000000     0x86e8
 .debug_loc     0x00000000       0x77 Core/Inc/keyBoard.o
 .debug_loc     0x00000077       0x74 Core/Src/stm32f1xx_hal_msp.o
 .debug_loc     0x000000eb       0xdf Core/Src/system_stm32f1xx.o
 .debug_loc     0x000001ca      0x11b Drivers/STM32F1xx_HAL_Driver/Src/stm32f1xx_hal.o
 .debug_loc     0x000002e5      0x5ad Drivers/STM32F1xx_HAL_Driver/Src/stm32f1xx_hal_cortex.o
 .debug_loc     0x00000892      0x3c6 Drivers/STM32F1xx_HAL_Driver/Src/stm32f1xx_hal_gpio.o
 .debug_loc     0x00000c58     0x1265 Drivers/STM32F1xx_HAL_Driver/Src/stm32f1xx_hal_pcd.o
 .debug_loc     0x00001ebd       0xea Drivers/STM32F1xx_HAL_Driver/Src/stm32f1xx_hal_pcd_ex.o
 .debug_loc     0x00001fa7      0x4bb Drivers/STM32F1xx_HAL_Driver/Src/stm32f1xx_hal_rcc.o
 .debug_loc     0x00002462      0x2d0 Drivers/STM32F1xx_HAL_Driver/Src/stm32f1xx_hal_rcc_ex.o
 .debug_loc     0x00002732     0x1ab3 Drivers/STM32F1xx_HAL_Driver/Src/stm32f1xx_hal_uart.o
 .debug_loc     0x000041e5     0x17c1 Drivers/STM32F1xx_HAL_Driver/Src/stm32f1xx_ll_usb.o
 .debug_loc     0x000059a6      0x675 Middlewares/ST/STM32_USB_Device_Library/Class/HID/Src/usbd_hid.o
 .debug_loc     0x0000601b      0x6ed Middlewares/ST/STM32_USB_Device_Library/Core/Src/usbd_core.o
 .debug_loc     0x00006708     0x105b Middlewares/ST/STM32_USB_Device_Library/Core/Src/usbd_ctlreq.o
 .debug_loc     0x00007763      0x23c Middlewares/ST/STM32_USB_Device_Library/Core/Src/usbd_ioreq.o
 .debug_loc     0x0000799f      0x30e USB_DEVICE/App/usbd_desc.o
 .debug_loc     0x00007cad      0xa3b USB_DEVICE/Target/usbd_conf.o

.debug_aranges  0x00000000      0xbc0
 .debug_aranges
                0x00000000       0x20 Core/Inc/keyBoard.o
 .debug_aranges
                0x00000020       0x40 Core/Src/main.o
 .debug_aranges
                0x00000060       0x30 Core/Src/stm32f1xx_hal_msp.o
 .debug_aranges
                0x00000090       0x68 Core/Src/stm32f1xx_it.o
 .debug_aranges
                0x000000f8       0x28 Core/Src/system_stm32f1xx.o
 .debug_aranges
                0x00000120       0xe0 Drivers/STM32F1xx_HAL_Driver/Src/stm32f1xx_hal.o
 .debug_aranges
                0x00000200       0x90 Drivers/STM32F1xx_HAL_Driver/Src/stm32f1xx_hal_cortex.o
 .debug_aranges
                0x00000290       0x58 Drivers/STM32F1xx_HAL_Driver/Src/stm32f1xx_hal_gpio.o
 .debug_aranges
                0x000002e8      0x138 Drivers/STM32F1xx_HAL_Driver/Src/stm32f1xx_hal_pcd.o
 .debug_aranges
                0x00000420       0x38 Drivers/STM32F1xx_HAL_Driver/Src/stm32f1xx_hal_pcd_ex.o
 .debug_aranges
                0x00000458       0x90 Drivers/STM32F1xx_HAL_Driver/Src/stm32f1xx_hal_rcc.o
 .debug_aranges
                0x000004e8       0x30 Drivers/STM32F1xx_HAL_Driver/Src/stm32f1xx_hal_rcc_ex.o
 .debug_aranges
                0x00000518      0x200 Drivers/STM32F1xx_HAL_Driver/Src/stm32f1xx_hal_uart.o
 .debug_aranges
                0x00000718       0xf0 Drivers/STM32F1xx_HAL_Driver/Src/stm32f1xx_ll_usb.o
 .debug_aranges
                0x00000808       0x68 Middlewares/ST/STM32_USB_Device_Library/Class/HID/Src/usbd_hid.o
 .debug_aranges
                0x00000870       0xb8 Middlewares/ST/STM32_USB_Device_Library/Core/Src/usbd_core.o
 .debug_aranges
                0x00000928       0x88 Middlewares/ST/STM32_USB_Device_Library/Core/Src/usbd_ctlreq.o
 .debug_aranges
                0x000009b0       0x50 Middlewares/ST/STM32_USB_Device_Library/Core/Src/usbd_ioreq.o
 .debug_aranges
                0x00000a00       0x20 USB_DEVICE/App/usb_device.o
 .debug_aranges
                0x00000a20       0x60 USB_DEVICE/App/usbd_desc.o
 .debug_aranges
                0x00000a80      0x118 USB_DEVICE/Target/usbd_conf.o
 .debug_aranges
                0x00000b98       0x28 startup/startup_stm32f103x6.o

.debug_ranges   0x00000000      0xea0
 .debug_ranges  0x00000000       0x10 Core/Inc/keyBoard.o
 .debug_ranges  0x00000010       0x30 Core/Src/main.o
 .debug_ranges  0x00000040       0x20 Core/Src/stm32f1xx_hal_msp.o
 .debug_ranges  0x00000060       0x58 Core/Src/stm32f1xx_it.o
 .debug_ranges  0x000000b8       0x18 Core/Src/system_stm32f1xx.o
 .debug_ranges  0x000000d0       0xd0 Drivers/STM32F1xx_HAL_Driver/Src/stm32f1xx_hal.o
 .debug_ranges  0x000001a0       0xe0 Drivers/STM32F1xx_HAL_Driver/Src/stm32f1xx_hal_cortex.o
 .debug_ranges  0x00000280       0x48 Drivers/STM32F1xx_HAL_Driver/Src/stm32f1xx_hal_gpio.o
 .debug_ranges  0x000002c8      0x208 Drivers/STM32F1xx_HAL_Driver/Src/stm32f1xx_hal_pcd.o
 .debug_ranges  0x000004d0       0x28 Drivers/STM32F1xx_HAL_Driver/Src/stm32f1xx_hal_pcd_ex.o
 .debug_ranges  0x000004f8       0xa0 Drivers/STM32F1xx_HAL_Driver/Src/stm32f1xx_hal_rcc.o
 .debug_ranges  0x00000598       0x38 Drivers/STM32F1xx_HAL_Driver/Src/stm32f1xx_hal_rcc_ex.o
 .debug_ranges  0x000005d0      0x1f0 Drivers/STM32F1xx_HAL_Driver/Src/stm32f1xx_hal_uart.o
 .debug_ranges  0x000007c0      0x3a0 Drivers/STM32F1xx_HAL_Driver/Src/stm32f1xx_ll_usb.o
 .debug_ranges  0x00000b60       0x58 Middlewares/ST/STM32_USB_Device_Library/Class/HID/Src/usbd_hid.o
 .debug_ranges  0x00000bb8       0xa8 Middlewares/ST/STM32_USB_Device_Library/Core/Src/usbd_core.o
 .debug_ranges  0x00000c60       0x78 Middlewares/ST/STM32_USB_Device_Library/Core/Src/usbd_ctlreq.o
 .debug_ranges  0x00000cd8       0x40 Middlewares/ST/STM32_USB_Device_Library/Core/Src/usbd_ioreq.o
 .debug_ranges  0x00000d18       0x10 USB_DEVICE/App/usb_device.o
 .debug_ranges  0x00000d28       0x50 USB_DEVICE/App/usbd_desc.o
 .debug_ranges  0x00000d78      0x108 USB_DEVICE/Target/usbd_conf.o
 .debug_ranges  0x00000e80       0x20 startup/startup_stm32f103x6.o

.debug_macro    0x00000000    0x19ab4
 .debug_macro   0x00000000      0x3cd Core/Inc/keyBoard.o
 .debug_macro   0x000003cd      0xa54 Core/Inc/keyBoard.o
 .debug_macro   0x00000e21       0x22 Core/Inc/keyBoard.o
 .debug_macro   0x00000e43       0x58 Core/Inc/keyBoard.o
 .debug_macro   0x00000e9b       0x18 Core/Inc/keyBoard.o
 .debug_macro   0x00000eb3       0x94 Core/Inc/keyBoard.o
 .debug_macro   0x00000f47       0x35 Core/Inc/keyBoard.o
 .debug_macro   0x00000f7c       0x34 Core/Inc/keyBoard.o
 .debug_macro   0x00000fb0       0x16 Core/Inc/keyBoard.o
 .debug_macro   0x00000fc6       0x57 Core/Inc/keyBoard.o
 .debug_macro   0x0000101d       0x97 Core/Inc/keyBoard.o
 .debug_macro   0x000010b4      0x330 Core/Inc/keyBoard.o
 .debug_macro   0x000013e4       0xfd Core/Inc/keyBoard.o
 .debug_macro   0x000014e1       0x10 Core/Inc/keyBoard.o
 .debug_macro   0x000014f1       0x58 Core/Inc/keyBoard.o
 .debug_macro   0x00001549       0x1f Core/Inc/keyBoard.o
 .debug_macro   0x00001568       0x43 Core/Inc/keyBoard.o
 .debug_macro   0x000015ab       0x20 Core/Inc/keyBoard.o
 .debug_macro   0x000015cb      0x18e Core/Inc/keyBoard.o
 .debug_macro   0x00001759       0x10 Core/Inc/keyBoard.o
 .debug_macro   0x00001769       0x6a Core/Inc/keyBoard.o
 .debug_macro   0x000017d3       0x1c Core/Inc/keyBoard.o
 .debug_macro   0x000017ef       0x52 Core/Inc/keyBoard.o
 .debug_macro   0x00001841       0x40 Core/Inc/keyBoard.o
 .debug_macro   0x00001881       0x10 Core/Inc/keyBoard.o
 .debug_macro   0x00001891       0x40 Core/Inc/keyBoard.o
 .debug_macro   0x000018d1       0xd7 Core/Inc/keyBoard.o
 .debug_macro   0x000019a8       0x1c Core/Inc/keyBoard.o
 .debug_macro   0x000019c4       0x3d Core/Inc/keyBoard.o
 .debug_macro   0x00001a01       0x16 Core/Inc/keyBoard.o
 .debug_macro   0x00001a17      0x16f Core/Inc/keyBoard.o
 .debug_macro   0x00001b86       0x16 Core/Inc/keyBoard.o
 .debug_macro   0x00001b9c       0x35 Core/Inc/keyBoard.o
 .debug_macro   0x00001bd1       0x16 Core/Inc/keyBoard.o
 .debug_macro   0x00001be7       0x29 Core/Inc/keyBoard.o
 .debug_macro   0x00001c10       0x16 Core/Inc/keyBoard.o
 .debug_macro   0x00001c26      0x21b Core/Inc/keyBoard.o
 .debug_macro   0x00001e41       0x2e Core/Inc/keyBoard.o
 .debug_macro   0x00001e6f       0x22 Core/Inc/keyBoard.o
 .debug_macro   0x00001e91       0xef Core/Inc/keyBoard.o
 .debug_macro   0x00001f80      0x1df Core/Inc/keyBoard.o
 .debug_macro   0x0000215f       0x1c Core/Inc/keyBoard.o
 .debug_macro   0x0000217b       0x22 Core/Inc/keyBoard.o
 .debug_macro   0x0000219d       0xbd Core/Inc/keyBoard.o
 .debug_macro   0x0000225a      0xd23 Core/Inc/keyBoard.o
 .debug_macro   0x00002f7d     0xde75 Core/Inc/keyBoard.o
 .debug_macro   0x00010df2       0x6d Core/Inc/keyBoard.o
 .debug_macro   0x00010e5f     0x3468 Core/Inc/keyBoard.o
 .debug_macro   0x000142c7       0x56 Core/Inc/keyBoard.o
 .debug_macro   0x0001431d      0x5be Core/Inc/keyBoard.o
 .debug_macro   0x000148db      0x1b7 Core/Inc/keyBoard.o
 .debug_macro   0x00014a92      0x1cb Core/Inc/keyBoard.o
 .debug_macro   0x00014c5d      0x114 Core/Inc/keyBoard.o
 .debug_macro   0x00014d71      0x1b2 Core/Inc/keyBoard.o
 .debug_macro   0x00014f23       0x27 Core/Inc/keyBoard.o
 .debug_macro   0x00014f4a      0x12f Core/Inc/keyBoard.o
 .debug_macro   0x00015079      0x1bc Core/Inc/keyBoard.o
 .debug_macro   0x00015235       0x34 Core/Inc/keyBoard.o
 .debug_macro   0x00015269       0x3c Core/Inc/keyBoard.o
 .debug_macro   0x000152a5       0x57 Core/Inc/keyBoard.o
 .debug_macro   0x000152fc       0x88 Core/Inc/keyBoard.o
 .debug_macro   0x00015384      0x183 Core/Inc/keyBoard.o
 .debug_macro   0x00015507      0x141 Core/Inc/keyBoard.o
 .debug_macro   0x00015648      0x279 Core/Inc/keyBoard.o
 .debug_macro   0x000158c1       0x65 Core/Inc/keyBoard.o
 .debug_macro   0x00015926      0x249 Core/Inc/keyBoard.o
 .debug_macro   0x00015b6f       0x69 Core/Inc/keyBoard.o
 .debug_macro   0x00015bd8       0x60 Core/Inc/keyBoard.o
 .debug_macro   0x00015c38      0x1c8 Core/Inc/keyBoard.o
 .debug_macro   0x00015e00       0x5e Core/Inc/keyBoard.o
 .debug_macro   0x00015e5e      0x3d3 Core/Src/main.o
 .debug_macro   0x00016231       0x8e Core/Src/main.o
 .debug_macro   0x000162bf       0x51 Core/Src/main.o
 .debug_macro   0x00016310       0xc3 Core/Src/main.o
 .debug_macro   0x000163d3      0x174 Core/Src/main.o
 .debug_macro   0x00016547       0x5c Core/Src/main.o
 .debug_macro   0x000165a3       0x5e Core/Src/main.o
 .debug_macro   0x00016601      0x32a Core/Src/main.o
 .debug_macro   0x0001692b      0x1bb Core/Src/stm32f1xx_hal_msp.o
 .debug_macro   0x00016ae6      0x1c5 Core/Src/stm32f1xx_it.o
 .debug_macro   0x00016cab      0x1b1 Core/Src/system_stm32f1xx.o
 .debug_macro   0x00016e5c      0x1d5 Drivers/STM32F1xx_HAL_Driver/Src/stm32f1xx_hal.o
 .debug_macro   0x00017031      0x1b1 Drivers/STM32F1xx_HAL_Driver/Src/stm32f1xx_hal_cortex.o
 .debug_macro   0x000171e2      0x21c Drivers/STM32F1xx_HAL_Driver/Src/stm32f1xx_hal_gpio.o
 .debug_macro   0x000173fe      0x1bd Drivers/STM32F1xx_HAL_Driver/Src/stm32f1xx_hal_pcd.o
 .debug_macro   0x000175bb      0x1b1 Drivers/STM32F1xx_HAL_Driver/Src/stm32f1xx_hal_pcd_ex.o
 .debug_macro   0x0001776c      0x1c3 Drivers/STM32F1xx_HAL_Driver/Src/stm32f1xx_hal_rcc.o
 .debug_macro   0x0001792f      0x1b1 Drivers/STM32F1xx_HAL_Driver/Src/stm32f1xx_hal_rcc_ex.o
 .debug_macro   0x00017ae0      0x1b2 Drivers/STM32F1xx_HAL_Driver/Src/stm32f1xx_hal_uart.o
 .debug_macro   0x00017c92      0x1b1 Drivers/STM32F1xx_HAL_Driver/Src/stm32f1xx_ll_usb.o
 .debug_macro   0x00017e43      0x3c3 Middlewares/ST/STM32_USB_Device_Library/Class/HID/Src/usbd_hid.o
 .debug_macro   0x00018206      0x3aa Middlewares/ST/STM32_USB_Device_Library/Core/Src/usbd_core.o
 .debug_macro   0x000185b0      0x1ce Middlewares/ST/STM32_USB_Device_Library/Core/Src/usbd_core.o
 .debug_macro   0x0001877e      0x3b4 Middlewares/ST/STM32_USB_Device_Library/Core/Src/usbd_ctlreq.o
 .debug_macro   0x00018b32      0x3b0 Middlewares/ST/STM32_USB_Device_Library/Core/Src/usbd_ioreq.o
 .debug_macro   0x00018ee2      0x3e0 USB_DEVICE/App/usb_device.o
 .debug_macro   0x000192c2       0x22 USB_DEVICE/App/usb_device.o
 .debug_macro   0x000192e4      0x3e7 USB_DEVICE/App/usbd_desc.o
 .debug_macro   0x000196cb       0x1c USB_DEVICE/App/usbd_desc.o
 .debug_macro   0x000196e7      0x3cd USB_DEVICE/Target/usbd_conf.o

.debug_line     0x00000000     0xca9e
 .debug_line    0x00000000      0x96f Core/Inc/keyBoard.o
 .debug_line    0x0000096f      0x9ba Core/Src/main.o
 .debug_line    0x00001329      0x69e Core/Src/stm32f1xx_hal_msp.o
 .debug_line    0x000019c7      0x703 Core/Src/stm32f1xx_it.o
 .debug_line    0x000020ca      0x68c Core/Src/system_stm32f1xx.o
 .debug_line    0x00002756      0x836 Drivers/STM32F1xx_HAL_Driver/Src/stm32f1xx_hal.o
 .debug_line    0x00002f8c      0x845 Drivers/STM32F1xx_HAL_Driver/Src/stm32f1xx_hal_cortex.o
 .debug_line    0x000037d1      0x7f6 Drivers/STM32F1xx_HAL_Driver/Src/stm32f1xx_hal_gpio.o
 .debug_line    0x00003fc7      0xd28 Drivers/STM32F1xx_HAL_Driver/Src/stm32f1xx_hal_pcd.o
 .debug_line    0x00004cef      0x6b1 Drivers/STM32F1xx_HAL_Driver/Src/stm32f1xx_hal_pcd_ex.o
 .debug_line    0x000053a0      0x940 Drivers/STM32F1xx_HAL_Driver/Src/stm32f1xx_hal_rcc.o
 .debug_line    0x00005ce0      0x723 Drivers/STM32F1xx_HAL_Driver/Src/stm32f1xx_hal_rcc_ex.o
 .debug_line    0x00006403     0x1113 Drivers/STM32F1xx_HAL_Driver/Src/stm32f1xx_hal_uart.o
 .debug_line    0x00007516      0xcf0 Drivers/STM32F1xx_HAL_Driver/Src/stm32f1xx_ll_usb.o
 .debug_line    0x00008206      0xa42 Middlewares/ST/STM32_USB_Device_Library/Class/HID/Src/usbd_hid.o
 .debug_line    0x00008c48      0xaed Middlewares/ST/STM32_USB_Device_Library/Core/Src/usbd_core.o
 .debug_line    0x00009735      0xbb3 Middlewares/ST/STM32_USB_Device_Library/Core/Src/usbd_ctlreq.o
 .debug_line    0x0000a2e8      0x936 Middlewares/ST/STM32_USB_Device_Library/Core/Src/usbd_ioreq.o
 .debug_line    0x0000ac1e      0x92b USB_DEVICE/App/usb_device.o
 .debug_line    0x0000b549      0x96a USB_DEVICE/App/usbd_desc.o
 .debug_line    0x0000beb3      0xb6b USB_DEVICE/Target/usbd_conf.o
 .debug_line    0x0000ca1e       0x80 startup/startup_stm32f103x6.o

.debug_str      0x00000000    0x847dd
 .debug_str     0x00000000    0x8163a Core/Inc/keyBoard.o
                              0x81aa4 (size before relaxing)
 .debug_str     0x0008163a      0x655 Core/Src/main.o
                              0x82084 (size before relaxing)
 .debug_str     0x00081c8f       0xdf Core/Src/stm32f1xx_hal_msp.o
                              0x7d11d (size before relaxing)
 .debug_str     0x00081d6e      0x3bd Core/Src/stm32f1xx_it.o
                              0x7d094 (size before relaxing)
 .debug_str     0x0008212b       0x52 Core/Src/system_stm32f1xx.o
                              0x7ccbf (size before relaxing)
 .debug_str     0x0008217d      0x554 Drivers/STM32F1xx_HAL_Driver/Src/stm32f1xx_hal.o
                              0x7d35b (size before relaxing)
 .debug_str     0x000826d1      0x293 Drivers/STM32F1xx_HAL_Driver/Src/stm32f1xx_hal_cortex.o
                              0x7d31e (size before relaxing)
 .debug_str     0x00082964      0x322 Drivers/STM32F1xx_HAL_Driver/Src/stm32f1xx_hal_gpio.o
                              0x7d083 (size before relaxing)
 .debug_str     0x00082c86      0x563 Drivers/STM32F1xx_HAL_Driver/Src/stm32f1xx_hal_pcd.o
                              0x7d5b3 (size before relaxing)
 .debug_str     0x000831e9      0x170 Drivers/STM32F1xx_HAL_Driver/Src/stm32f1xx_hal_pcd_ex.o
                              0x7d15f (size before relaxing)
 .debug_str     0x00083359      0x229 Drivers/STM32F1xx_HAL_Driver/Src/stm32f1xx_hal_rcc.o
                              0x7d0e3 (size before relaxing)
 .debug_str     0x00083582       0x9f Drivers/STM32F1xx_HAL_Driver/Src/stm32f1xx_hal_rcc_ex.o
                              0x7ce6a (size before relaxing)
 .debug_str     0x00083621      0x62b Drivers/STM32F1xx_HAL_Driver/Src/stm32f1xx_hal_uart.o
                              0x7d725 (size before relaxing)
 .debug_str     0x00083c4c      0x12d Drivers/STM32F1xx_HAL_Driver/Src/stm32f1xx_ll_usb.o
                              0x7d192 (size before relaxing)
 .debug_str     0x00083d79      0x298 Middlewares/ST/STM32_USB_Device_Library/Class/HID/Src/usbd_hid.o
                              0x81caf (size before relaxing)
 .debug_str     0x00084011      0x298 Middlewares/ST/STM32_USB_Device_Library/Core/Src/usbd_core.o
                              0x81b4a (size before relaxing)
 .debug_str     0x000842a9      0x11b Middlewares/ST/STM32_USB_Device_Library/Core/Src/usbd_ctlreq.o
                              0x81a64 (size before relaxing)
 .debug_str     0x000843c4       0x79 Middlewares/ST/STM32_USB_Device_Library/Core/Src/usbd_ioreq.o
                              0x81991 (size before relaxing)
 .debug_str     0x0008443d       0xa2 USB_DEVICE/App/usb_device.o
                              0x81af5 (size before relaxing)
 .debug_str     0x000844df      0x25c USB_DEVICE/App/usbd_desc.o
                              0x818d1 (size before relaxing)
 .debug_str     0x0008473b       0x73 USB_DEVICE/Target/usbd_conf.o
                              0x82600 (size before relaxing)
 .debug_str     0x000847ae       0x2f startup/startup_stm32f103x6.o
                                 0x55 (size before relaxing)

.comment        0x00000000       0x7f
 .comment       0x00000000       0x7f Core/Inc/keyBoard.o
                                 0x80 (size before relaxing)
 .comment       0x0000007f       0x80 Core/Src/main.o
 .comment       0x0000007f       0x80 Core/Src/stm32f1xx_hal_msp.o
 .comment       0x0000007f       0x80 Core/Src/stm32f1xx_it.o
 .comment       0x0000007f       0x80 Core/Src/system_stm32f1xx.o
 .comment       0x0000007f       0x80 Drivers/STM32F1xx_HAL_Driver/Src/stm32f1xx_hal.o
 .comment       0x0000007f       0x80 Drivers/STM32F1xx_HAL_Driver/Src/stm32f1xx_hal_cortex.o
 .comment       0x0000007f       0x80 Drivers/STM32F1xx_HAL_Driver/Src/stm32f1xx_hal_gpio.o
 .comment       0x0000007f       0x80 Drivers/STM32F1xx_HAL_Driver/Src/stm32f1xx_hal_pcd.o
 .comment       0x0000007f       0x80 Drivers/STM32F1xx_HAL_Driver/Src/stm32f1xx_hal_pcd_ex.o
 .comment       0x0000007f       0x80 Drivers/STM32F1xx_HAL_Driver/Src/stm32f1xx_hal_rcc.o
 .comment       0x0000007f       0x80 Drivers/STM32F1xx_HAL_Driver/Src/stm32f1xx_hal_rcc_ex.o
 .comment       0x0000007f       0x80 Drivers/STM32F1xx_HAL_Driver/Src/stm32f1xx_hal_uart.o
 .comment       0x0000007f       0x80 Drivers/STM32F1xx_HAL_Driver/Src/stm32f1xx_ll_usb.o
 .comment       0x0000007f       0x80 Middlewares/ST/STM32_USB_Device_Library/Class/HID/Src/usbd_hid.o
 .comment       0x0000007f       0x80 Middlewares/ST/STM32_USB_Device_Library/Core/Src/usbd_core.o
 .comment       0x0000007f       0x80 Middlewares/ST/STM32_USB_Device_Library/Core/Src/usbd_ctlreq.o
 .comment       0x0000007f       0x80 Middlewares/ST/STM32_USB_Device_Library/Core/Src/usbd_ioreq.o
 .comment       0x0000007f       0x80 USB_DEVICE/App/usb_device.o
 .comment       0x0000007f       0x80 USB_DEVICE/App/usbd_desc.o
 .comment       0x0000007f       0x80 USB_DEVICE/Target/usbd_conf.o

.debug_frame    0x00000000     0x1c68
 .debug_frame   0x00000000       0x30 Core/Inc/keyBoard.o
 .debug_frame   0x00000030       0x88 Core/Src/main.o
 .debug_frame   0x000000b8       0x60 Core/Src/stm32f1xx_hal_msp.o
 .debug_frame   0x00000118       0xc0 Core/Src/stm32f1xx_it.o
 .debug_frame   0x000001d8       0x30 Core/Src/system_stm32f1xx.o
 .debug_frame   0x00000208      0x1cc Drivers/STM32F1xx_HAL_Driver/Src/stm32f1xx_hal.o
 .debug_frame   0x000003d4      0x12c Drivers/STM32F1xx_HAL_Driver/Src/stm32f1xx_hal_cortex.o
 .debug_frame   0x00000500       0xe8 Drivers/STM32F1xx_HAL_Driver/Src/stm32f1xx_hal_gpio.o
 .debug_frame   0x000005e8      0x35c Drivers/STM32F1xx_HAL_Driver/Src/stm32f1xx_hal_pcd.o
 .debug_frame   0x00000944       0x5c Drivers/STM32F1xx_HAL_Driver/Src/stm32f1xx_hal_pcd_ex.o
 .debug_frame   0x000009a0      0x198 Drivers/STM32F1xx_HAL_Driver/Src/stm32f1xx_hal_rcc.o
 .debug_frame   0x00000b38       0x6c Drivers/STM32F1xx_HAL_Driver/Src/stm32f1xx_hal_rcc_ex.o
 .debug_frame   0x00000ba4      0x5bc Drivers/STM32F1xx_HAL_Driver/Src/stm32f1xx_hal_uart.o
 .debug_frame   0x00001160      0x21c Drivers/STM32F1xx_HAL_Driver/Src/stm32f1xx_ll_usb.o
 .debug_frame   0x0000137c       0xdc Middlewares/ST/STM32_USB_Device_Library/Class/HID/Src/usbd_hid.o
 .debug_frame   0x00001458      0x1c0 Middlewares/ST/STM32_USB_Device_Library/Core/Src/usbd_core.o
 .debug_frame   0x00001618      0x178 Middlewares/ST/STM32_USB_Device_Library/Core/Src/usbd_ctlreq.o
 .debug_frame   0x00001790       0xb8 Middlewares/ST/STM32_USB_Device_Library/Core/Src/usbd_ioreq.o
 .debug_frame   0x00001848       0x28 USB_DEVICE/App/usb_device.o
 .debug_frame   0x00001870       0xe0 USB_DEVICE/App/usbd_desc.o
 .debug_frame   0x00001950      0x2ec USB_DEVICE/Target/usbd_conf.o
 .debug_frame   0x00001c3c       0x2c c:/ac6/systemworkbench/plugins/fr.ac6.mcu.externaltools.arm-none.win32_1.17.0.201812190825/tools/compiler/bin/../lib/gcc/arm-none-eabi/7.3.1/../../../../arm-none-eabi/lib/thumb/v7-m\libc_nano.a(lib_a-init.o)
