Archive member included to satisfy reference by file (symbol)

c:/ac6/systemworkbench/plugins/fr.ac6.mcu.externaltools.arm-none.win32_1.17.0.201812190825/tools/compiler/bin/../lib/gcc/arm-none-eabi/7.3.1/../../../../arm-none-eabi/lib/thumb/v7-m\libc_nano.a(lib_a-errno.o)
                              Core/Src/syscalls.o (__errno)
c:/ac6/systemworkbench/plugins/fr.ac6.mcu.externaltools.arm-none.win32_1.17.0.201812190825/tools/compiler/bin/../lib/gcc/arm-none-eabi/7.3.1/../../../../arm-none-eabi/lib/thumb/v7-m\libc_nano.a(lib_a-exit.o)
                              c:/ac6/systemworkbench/plugins/fr.ac6.mcu.externaltools.arm-none.win32_1.17.0.201812190825/tools/compiler/bin/../lib/gcc/arm-none-eabi/7.3.1/../../../../arm-none-eabi/lib/thumb/v7-m/crt0.o (exit)
c:/ac6/systemworkbench/plugins/fr.ac6.mcu.externaltools.arm-none.win32_1.17.0.201812190825/tools/compiler/bin/../lib/gcc/arm-none-eabi/7.3.1/../../../../arm-none-eabi/lib/thumb/v7-m\libc_nano.a(lib_a-impure.o)
                              c:/ac6/systemworkbench/plugins/fr.ac6.mcu.externaltools.arm-none.win32_1.17.0.201812190825/tools/compiler/bin/../lib/gcc/arm-none-eabi/7.3.1/../../../../arm-none-eabi/lib/thumb/v7-m\libc_nano.a(lib_a-exit.o) (_global_impure_ptr)
c:/ac6/systemworkbench/plugins/fr.ac6.mcu.externaltools.arm-none.win32_1.17.0.201812190825/tools/compiler/bin/../lib/gcc/arm-none-eabi/7.3.1/../../../../arm-none-eabi/lib/thumb/v7-m\libc_nano.a(lib_a-init.o)
                              c:/ac6/systemworkbench/plugins/fr.ac6.mcu.externaltools.arm-none.win32_1.17.0.201812190825/tools/compiler/bin/../lib/gcc/arm-none-eabi/7.3.1/../../../../arm-none-eabi/lib/thumb/v7-m/crt0.o (__libc_init_array)
c:/ac6/systemworkbench/plugins/fr.ac6.mcu.externaltools.arm-none.win32_1.17.0.201812190825/tools/compiler/bin/../lib/gcc/arm-none-eabi/7.3.1/../../../../arm-none-eabi/lib/thumb/v7-m\libc_nano.a(lib_a-memset.o)
                              c:/ac6/systemworkbench/plugins/fr.ac6.mcu.externaltools.arm-none.win32_1.17.0.201812190825/tools/compiler/bin/../lib/gcc/arm-none-eabi/7.3.1/../../../../arm-none-eabi/lib/thumb/v7-m/crt0.o (memset)

Allocating common symbols
Common symbol       size              file

hUsbDeviceFS        0x2c4             USB_DEVICE/App/usb_device.o
uwTick              0x4               Drivers/STM32F1xx_HAL_Driver/Src/stm32f1xx_hal.o
pFlash              0x20              Drivers/STM32F1xx_HAL_Driver/Src/stm32f1xx_hal_flash.o
huart1              0x44              Core/Src/main.o
hpcd_USB_FS         0x2ec             USB_DEVICE/Target/usbd_conf.o
USBD_StrDesc        0x200             USB_DEVICE/App/usbd_desc.o

Discarded input sections

 .text          0x00000000        0x0 c:/ac6/systemworkbench/plugins/fr.ac6.mcu.externaltools.arm-none.win32_1.17.0.201812190825/tools/compiler/bin/../lib/gcc/arm-none-eabi/7.3.1/thumb/v7-m/crti.o
 .data          0x00000000        0x0 c:/ac6/systemworkbench/plugins/fr.ac6.mcu.externaltools.arm-none.win32_1.17.0.201812190825/tools/compiler/bin/../lib/gcc/arm-none-eabi/7.3.1/thumb/v7-m/crti.o
 .bss           0x00000000        0x0 c:/ac6/systemworkbench/plugins/fr.ac6.mcu.externaltools.arm-none.win32_1.17.0.201812190825/tools/compiler/bin/../lib/gcc/arm-none-eabi/7.3.1/thumb/v7-m/crti.o
 .data          0x00000000        0x4 c:/ac6/systemworkbench/plugins/fr.ac6.mcu.externaltools.arm-none.win32_1.17.0.201812190825/tools/compiler/bin/../lib/gcc/arm-none-eabi/7.3.1/thumb/v7-m/crtbegin.o
 .text          0x00000000       0x74 c:/ac6/systemworkbench/plugins/fr.ac6.mcu.externaltools.arm-none.win32_1.17.0.201812190825/tools/compiler/bin/../lib/gcc/arm-none-eabi/7.3.1/../../../../arm-none-eabi/lib/thumb/v7-m/crt0.o
 .data          0x00000000        0x0 c:/ac6/systemworkbench/plugins/fr.ac6.mcu.externaltools.arm-none.win32_1.17.0.201812190825/tools/compiler/bin/../lib/gcc/arm-none-eabi/7.3.1/../../../../arm-none-eabi/lib/thumb/v7-m/crt0.o
 .bss           0x00000000        0x0 c:/ac6/systemworkbench/plugins/fr.ac6.mcu.externaltools.arm-none.win32_1.17.0.201812190825/tools/compiler/bin/../lib/gcc/arm-none-eabi/7.3.1/../../../../arm-none-eabi/lib/thumb/v7-m/crt0.o
 .ARM.extab     0x00000000        0x0 c:/ac6/systemworkbench/plugins/fr.ac6.mcu.externaltools.arm-none.win32_1.17.0.201812190825/tools/compiler/bin/../lib/gcc/arm-none-eabi/7.3.1/../../../../arm-none-eabi/lib/thumb/v7-m/crt0.o
 .ARM.exidx     0x00000000        0x8 c:/ac6/systemworkbench/plugins/fr.ac6.mcu.externaltools.arm-none.win32_1.17.0.201812190825/tools/compiler/bin/../lib/gcc/arm-none-eabi/7.3.1/../../../../arm-none-eabi/lib/thumb/v7-m/crt0.o
 .ARM.attributes
                0x00000000       0x1b c:/ac6/systemworkbench/plugins/fr.ac6.mcu.externaltools.arm-none.win32_1.17.0.201812190825/tools/compiler/bin/../lib/gcc/arm-none-eabi/7.3.1/../../../../arm-none-eabi/lib/thumb/v7-m/crt0.o
 .group         0x00000000        0xc Core/Src/main.o
 .group         0x00000000        0xc Core/Src/main.o
 .group         0x00000000        0xc Core/Src/main.o
[...]
Memory Configuration

Name             Origin             Length             Attributes
RAM              0x20000000         0x00002800         xrw
FLASH            0x08000000         0x00008000         xr
*default*        0x00000000         0xffffffff

Linker script and memory map

LOAD c:/ac6/systemworkbench/plugins/fr.ac6.mcu.externaltools.arm-none.win32_1.17.0.201812190825/tools/compiler/bin/../lib/gcc/arm-none-eabi/7.3.1/thumb/v7-m/crti.o
LOAD c:/ac6/systemworkbench/plugins/fr.ac6.mcu.externaltools.arm-none.win32_1.17.0.201812190825/tools/compiler/bin/../lib/gcc/arm-none-eabi/7.3.1/thumb/v7-m/crtbegin.o
LOAD c:/ac6/systemworkbench/plugins/fr.ac6.mcu.externaltools.arm-none.win32_1.17.0.201812190825/tools/compiler/bin/../lib/gcc/arm-none-eabi/7.3.1/../../../../arm-none-eabi/lib/thumb/v7-m/crt0.o
LOAD Core/Src/main.o
LOAD Core/Src/stm32f1xx_hal_msp.o
LOAD Core/Src/stm32f1xx_it.o
LOAD Core/Src/syscalls.o
LOAD Core/Src/system_stm32f1xx.o
LOAD Drivers/STM32F1xx_HAL_Driver/Src/stm32f1xx_hal.o
LOAD Drivers/STM32F1xx_HAL_Driver/Src/stm32f1xx_hal_cortex.o
LOAD Drivers/STM32F1xx_HAL_Driver/Src/stm32f1xx_hal_dma.o
LOAD Drivers/STM32F1xx_HAL_Driver/Src/stm32f1xx_hal_exti.o
LOAD Drivers/STM32F1xx_HAL_Driver/Src/stm32f1xx_hal_flash.o
LOAD Drivers/STM32F1xx_HAL_Driver/Src/stm32f1xx_hal_flash_ex.o
LOAD Drivers/STM32F1xx_HAL_Driver/Src/stm32f1xx_hal_gpio.o
LOAD Drivers/STM32F1xx_HAL_Driver/Src/stm32f1xx_hal_gpio_ex.o
LOAD Drivers/STM32F1xx_HAL_Driver/Src/stm32f1xx_hal_pcd.o
LOAD Drivers/STM32F1xx_HAL_Driver/Src/stm32f1xx_hal_pcd_ex.o
LOAD Drivers/STM32F1xx_HAL_Driver/Src/stm32f1xx_hal_pwr.o
LOAD Drivers/STM32F1xx_HAL_Driver/Src/stm32f1xx_hal_rcc.o
LOAD Drivers/STM32F1xx_HAL_Driver/Src/stm32f1xx_hal_rcc_ex.o
LOAD Drivers/STM32F1xx_HAL_Driver/Src/stm32f1xx_hal_tim.o
LOAD Drivers/STM32F1xx_HAL_Driver/Src/stm32f1xx_hal_tim_ex.o
LOAD Drivers/STM32F1xx_HAL_Driver/Src/stm32f1xx_hal_uart.o
LOAD Drivers/STM32F1xx_HAL_Driver/Src/stm32f1xx_ll_usb.o
LOAD Middlewares/ST/STM32_USB_Device_Library/Class/HID/Src/usbd_hid.o
LOAD Middlewares/ST/STM32_USB_Device_Library/Core/Src/usbd_core.o
LOAD Middlewares/ST/STM32_USB_Device_Library/Core/Src/usbd_ctlreq.o
LOAD Middlewares/ST/STM32_USB_Device_Library/Core/Src/usbd_ioreq.o
LOAD USB_DEVICE/App/usb_device.o
LOAD USB_DEVICE/App/usbd_desc.o
LOAD USB_DEVICE/Target/usbd_conf.o
LOAD startup/startup_stm32f103x6.o
LOAD c:/ac6/systemworkbench/plugins/fr.ac6.mcu.externaltools.arm-none.win32_1.17.0.201812190825/tools/compiler/bin/../lib/gcc/arm-none-eabi/7.3.1/../../../../arm-none-eabi/lib/thumb/v7-m\libm.a
START GROUP
LOAD c:/ac6/systemworkbench/plugins/fr.ac6.mcu.externaltools.arm-none.win32_1.17.0.201812190825/tools/compiler/bin/../lib/gcc/arm-none-eabi/7.3.1/thumb/v7-m\libgcc.a
LOAD c:/ac6/systemworkbench/plugins/fr.ac6.mcu.externaltools.arm-none.win32_1.17.0.201812190825/tools/compiler/bin/../lib/gcc/arm-none-eabi/7.3.1/../../../../arm-none-eabi/lib/thumb/v7-m\libc_nano.a
END GROUP
START GROUP
LOAD c:/ac6/systemworkbench/plugins/fr.ac6.mcu.externaltools.arm-none.win32_1.17.0.201812190825/tools/compiler/bin/../lib/gcc/arm-none-eabi/7.3.1/thumb/v7-m\libgcc.a
LOAD c:/ac6/systemworkbench/plugins/fr.ac6.mcu.externaltools.arm-none.win32_1.17.0.201812190825/tools/compiler/bin/../lib/gcc/arm-none-eabi/7.3.1/../../../../arm-none-eabi/lib/thumb/v7-m\libc_nano.a
LOAD c:/ac6/systemworkbench/plugins/fr.ac6.mcu.externaltools.arm-none.win32_1.17.0.201812190825/tools/compiler/bin/../lib/gcc/arm-none-eabi/7.3.1/../../../../arm-none-eabi/lib/thumb/v7-m\libnosys.a
END GROUP
START GROUP
LOAD c:/ac6/systemworkbench/plugins/fr.ac6.mcu.externaltools.arm-none.win32_1.17.0.201812190825/tools/compiler/bin/../lib/gcc/arm-none-eabi/7.3.1/thumb/v7-m\libgcc.a
LOAD c:/ac6/systemworkbench/plugins/fr.ac6.mcu.externaltools.arm-none.win32_1.17.0.201812190825/tools/compiler/bin/../lib/gcc/arm-none-eabi/7.3.1/../../../../arm-none-eabi/lib/thumb/v7-m\libc_nano.a
LOAD c:/ac6/systemworkbench/plugins/fr.ac6.mcu.externaltools.arm-none.win32_1.17.0.201812190825/tools/compiler/bin/../lib/gcc/arm-none-eabi/7.3.1/../../../../arm-none-eabi/lib/thumb/v7-m\libnosys.a
END GROUP
LOAD c:/ac6/systemworkbench/plugins/fr.ac6.mcu.externaltools.arm-none.win32_1.17.0.201812190825/tools/compiler/bin/../lib/gcc/arm-none-eabi/7.3.1/thumb/v7-m/crtend.o
LOAD c:/ac6/systemworkbench/plugins/fr.ac6.mcu.externaltools.arm-none.win32_1.17.0.201812190825/tools/compiler/bin/../lib/gcc/arm-none-eabi/7.3.1/thumb/v7-m/crtn.o
                0x20002800                _estack = 0x20002800
                0x00000200                _Min_Heap_Size = 0x200
                0x00000400                _Min_Stack_Size = 0x400

.isr_vector     0x08000000      0x10c
                0x08000000                . = ALIGN (0x4)
 *(.isr_vector)
 .isr_vector    0x08000000      0x10c startup/startup_stm32f103x6.o
                0x08000000                g_pfnVectors
                0x0800010c                . = ALIGN (0x4)

.text           0x0800010c     0x3bc8
                0x0800010c                . = ALIGN (0x4)
 *(.text)
 .text          0x0800010c       0x40 c:/ac6/systemworkbench/plugins/fr.ac6.mcu.externaltools.arm-none.win32_1.17.0.201812190825/tools/compiler/bin/../lib/gcc/arm-none-eabi/7.3.1/thumb/v7-m/crtbegin.o
 *(.text*)
 .text.MX_GPIO_Init
                0x0800014c       0x30 Core/Src/main.o
 .text.Error_Handler
                0x0800017c        0x4 Core/Src/main.o
                0x0800017c                Error_Handler
 .text.MX_USART1_UART_Init
                0x08000180       0x34 Core/Src/main.o
 .text.SystemClock_Config
                0x080001b4       0x7e Core/Src/main.o
                0x080001b4                SystemClock_Config
 *fill*         0x08000232        0x2 
 .text.main     0x08000234       0x98 Core/Src/main.o
                0x08000234                main
 .text.HAL_MspInit
                0x080002cc       0x44 Core/Src/stm32f1xx_hal_msp.o
                0x080002cc                HAL_MspInit
 .text.HAL_UART_MspInit
                0x08000310       0x78 Core/Src/stm32f1xx_hal_msp.o
                0x08000310                HAL_UART_MspInit
 .text.NMI_Handler
                0x08000388        0x2 Core/Src/stm32f1xx_it.o
                0x08000388                NMI_Handler
 .text.HardFault_Handler
                0x0800038a        0x2 Core/Src/stm32f1xx_it.o
                0x0800038a                HardFault_Handler
 .text.MemManage_Handler
                0x0800038c        0x2 Core/Src/stm32f1xx_it.o
                0x0800038c                MemManage_Handler
 .text.BusFault_Handler
                0x0800038e        0x2 Core/Src/stm32f1xx_it.o
                0x0800038e                BusFault_Handler
 .text.UsageFault_Handler
                0x08000390        0x2 Core/Src/stm32f1xx_it.o
                0x08000390                UsageFault_Handler
 .text.SVC_Handler
                0x08000392        0x2 Core/Src/stm32f1xx_it.o
                0x08000392                SVC_Handler
 .text.DebugMon_Handler
                0x08000394        0x2 Core/Src/stm32f1xx_it.o
                0x08000394                DebugMon_Handler
 .text.PendSV_Handler
                0x08000396        0x2 Core/Src/stm32f1xx_it.o
                0x08000396                PendSV_Handler
 .text.SysTick_Handler
                0x08000398        0x8 Core/Src/stm32f1xx_it.o
                0x08000398                SysTick_Handler
 .text.USB_LP_CAN1_RX0_IRQHandler
                0x080003a0       0x10 Core/Src/stm32f1xx_it.o
                0x080003a0                USB_LP_CAN1_RX0_IRQHandler
 .text.SystemInit
                0x080003b0        0x2 Core/Src/system_stm32f1xx.o
                0x080003b0                SystemInit
 *fill*         0x080003b2        0x2 
 .text.HAL_InitTick
                0x080003b4       0x48 Drivers/STM32F1xx_HAL_Driver/Src/stm32f1xx_hal.o
                0x080003b4                HAL_InitTick
 .text.HAL_Init
                0x080003fc       0x24 Drivers/STM32F1xx_HAL_Driver/Src/stm32f1xx_hal.o
                0x080003fc                HAL_Init
 .text.HAL_IncTick
                0x08000420       0x18 Drivers/STM32F1xx_HAL_Driver/Src/stm32f1xx_hal.o
                0x08000420                HAL_IncTick
 .text.HAL_GetTick
                0x08000438        0xc Drivers/STM32F1xx_HAL_Driver/Src/stm32f1xx_hal.o
                0x08000438                HAL_GetTick
 .text.HAL_Delay
                0x08000444       0x28 Drivers/STM32F1xx_HAL_Driver/Src/stm32f1xx_hal.o
                0x08000444                HAL_Delay
 .text.HAL_NVIC_SetPriorityGrouping
                0x0800046c       0x24 Drivers/STM32F1xx_HAL_Driver/Src/stm32f1xx_hal_cortex.o
                0x0800046c                HAL_NVIC_SetPriorityGrouping
 .text.HAL_NVIC_SetPriority
                0x08000490       0x68 Drivers/STM32F1xx_HAL_Driver/Src/stm32f1xx_hal_cortex.o
                0x08000490                HAL_NVIC_SetPriority
 .text.HAL_NVIC_EnableIRQ
                0x080004f8       0x1c Drivers/STM32F1xx_HAL_Driver/Src/stm32f1xx_hal_cortex.o
                0x080004f8                HAL_NVIC_EnableIRQ
 .text.HAL_SYSTICK_Config
                0x08000514       0x2c Drivers/STM32F1xx_HAL_Driver/Src/stm32f1xx_hal_cortex.o
                0x08000514                HAL_SYSTICK_Config
 .text.HAL_GPIO_Init
                0x08000540      0x1d0 Drivers/STM32F1xx_HAL_Driver/Src/stm32f1xx_hal_gpio.o
                0x08000540                HAL_GPIO_Init
 .text.HAL_PCD_EP_DB_Receive
                0x08000710      0x112 Drivers/STM32F1xx_HAL_Driver/Src/stm32f1xx_hal_pcd.o
 .text.HAL_PCD_Init
                0x08000822      0x10c Drivers/STM32F1xx_HAL_Driver/Src/stm32f1xx_hal_pcd.o
                0x08000822                HAL_PCD_Init
 .text.HAL_PCD_Start
                0x0800092e       0x32 Drivers/STM32F1xx_HAL_Driver/Src/stm32f1xx_hal_pcd.o
                0x0800092e                HAL_PCD_Start
 .text.HAL_PCD_EP_DB_Transmit
                0x08000960      0x3e0 Drivers/STM32F1xx_HAL_Driver/Src/stm32f1xx_hal_pcd.o
 .text.PCD_EP_ISR_Handler
                0x08000d40      0x41c Drivers/STM32F1xx_HAL_Driver/Src/stm32f1xx_hal_pcd.o
 .text.HAL_PCD_SetAddress
                0x0800115c       0x28 Drivers/STM32F1xx_HAL_Driver/Src/stm32f1xx_hal_pcd.o
                0x0800115c                HAL_PCD_SetAddress
 .text.HAL_PCD_IRQHandler
                0x08001184      0x1ce Drivers/STM32F1xx_HAL_Driver/Src/stm32f1xx_hal_pcd.o
                0x08001184                HAL_PCD_IRQHandler
 .text.HAL_PCD_EP_Open
                0x08001352       0x74 Drivers/STM32F1xx_HAL_Driver/Src/stm32f1xx_hal_pcd.o
                0x08001352                HAL_PCD_EP_Open
 .text.HAL_PCD_EP_Close
                0x080013c6       0x62 Drivers/STM32F1xx_HAL_Driver/Src/stm32f1xx_hal_pcd.o
                0x080013c6                HAL_PCD_EP_Close
 .text.HAL_PCD_EP_Receive
                0x08001428       0x42 Drivers/STM32F1xx_HAL_Driver/Src/stm32f1xx_hal_pcd.o
                0x08001428                HAL_PCD_EP_Receive
 .text.HAL_PCD_EP_Transmit
                0x0800146a       0x4a Drivers/STM32F1xx_HAL_Driver/Src/stm32f1xx_hal_pcd.o
                0x0800146a                HAL_PCD_EP_Transmit
 .text.HAL_PCD_EP_SetStall
                0x080014b4       0x76 Drivers/STM32F1xx_HAL_Driver/Src/stm32f1xx_hal_pcd.o
                0x080014b4                HAL_PCD_EP_SetStall
 .text.HAL_PCD_EP_ClrStall
                0x0800152a       0x74 Drivers/STM32F1xx_HAL_Driver/Src/stm32f1xx_hal_pcd.o
                0x0800152a                HAL_PCD_EP_ClrStall
 .text.HAL_PCDEx_PMAConfig
                0x0800159e       0x3c Drivers/STM32F1xx_HAL_Driver/Src/stm32f1xx_hal_pcd_ex.o
                0x0800159e                HAL_PCDEx_PMAConfig
 *fill*         0x080015da        0x2 
 .text.RCC_Delay
                0x080015dc       0x2c Drivers/STM32F1xx_HAL_Driver/Src/stm32f1xx_hal_rcc.o
 .text.HAL_RCC_OscConfig
                0x08001608      0x410 Drivers/STM32F1xx_HAL_Driver/Src/stm32f1xx_hal_rcc.o
                0x08001608                HAL_RCC_OscConfig
 .text.HAL_RCC_GetSysClockFreq
                0x08001a18       0x70 Drivers/STM32F1xx_HAL_Driver/Src/stm32f1xx_hal_rcc.o
                0x08001a18                HAL_RCC_GetSysClockFreq
 .text.HAL_RCC_ClockConfig
                0x08001a88      0x168 Drivers/STM32F1xx_HAL_Driver/Src/stm32f1xx_hal_rcc.o
                0x08001a88                HAL_RCC_ClockConfig
 .text.HAL_RCC_GetHCLKFreq
                0x08001bf0        0xc Drivers/STM32F1xx_HAL_Driver/Src/stm32f1xx_hal_rcc.o
                0x08001bf0                HAL_RCC_GetHCLKFreq
 .text.HAL_RCC_GetPCLK1Freq
                0x08001bfc       0x20 Drivers/STM32F1xx_HAL_Driver/Src/stm32f1xx_hal_rcc.o
                0x08001bfc                HAL_RCC_GetPCLK1Freq
 .text.HAL_RCC_GetPCLK2Freq
                0x08001c1c       0x20 Drivers/STM32F1xx_HAL_Driver/Src/stm32f1xx_hal_rcc.o
                0x08001c1c                HAL_RCC_GetPCLK2Freq
 .text.HAL_RCCEx_PeriphCLKConfig
                0x08001c3c      0x114 Drivers/STM32F1xx_HAL_Driver/Src/stm32f1xx_hal_rcc_ex.o
                0x08001c3c                HAL_RCCEx_PeriphCLKConfig
 .text.UART_SetConfig
                0x08001d50       0x90 Drivers/STM32F1xx_HAL_Driver/Src/stm32f1xx_hal_uart.o
 .text.HAL_UART_Init
                0x08001de0       0x5e Drivers/STM32F1xx_HAL_Driver/Src/stm32f1xx_hal_uart.o
                0x08001de0                HAL_UART_Init
 .text.USB_CoreInit
                0x08001e3e        0xe Drivers/STM32F1xx_HAL_Driver/Src/stm32f1xx_ll_usb.o
                0x08001e3e                USB_CoreInit
 .text.USB_EnableGlobalInt
                0x08001e4c       0x12 Drivers/STM32F1xx_HAL_Driver/Src/stm32f1xx_ll_usb.o
                0x08001e4c                USB_EnableGlobalInt
 .text.USB_DisableGlobalInt
                0x08001e5e       0x14 Drivers/STM32F1xx_HAL_Driver/Src/stm32f1xx_ll_usb.o
                0x08001e5e                USB_DisableGlobalInt
 .text.USB_SetCurrentMode
                0x08001e72        0x4 Drivers/STM32F1xx_HAL_Driver/Src/stm32f1xx_ll_usb.o
                0x08001e72                USB_SetCurrentMode
 .text.USB_DevInit
                0x08001e76       0x26 Drivers/STM32F1xx_HAL_Driver/Src/stm32f1xx_ll_usb.o
                0x08001e76                USB_DevInit
 .text.USB_ActivateEndpoint
                0x08001e9c      0x330 Drivers/STM32F1xx_HAL_Driver/Src/stm32f1xx_ll_usb.o
                0x08001e9c                USB_ActivateEndpoint
 .text.USB_DeactivateEndpoint
                0x080021cc      0x1d4 Drivers/STM32F1xx_HAL_Driver/Src/stm32f1xx_ll_usb.o
                0x080021cc                USB_DeactivateEndpoint
 .text.USB_EPSetStall
                0x080023a0       0x4a Drivers/STM32F1xx_HAL_Driver/Src/stm32f1xx_ll_usb.o
                0x080023a0                USB_EPSetStall
 .text.USB_EPClearStall
                0x080023ea       0xa2 Drivers/STM32F1xx_HAL_Driver/Src/stm32f1xx_ll_usb.o
                0x080023ea                USB_EPClearStall
 .text.USB_SetDevAddress
                0x0800248c        0xc Drivers/STM32F1xx_HAL_Driver/Src/stm32f1xx_ll_usb.o
                0x0800248c                USB_SetDevAddress
 .text.USB_DevConnect
                0x08002498        0x4 Drivers/STM32F1xx_HAL_Driver/Src/stm32f1xx_ll_usb.o
                0x08002498                USB_DevConnect
 .text.USB_DevDisconnect
                0x0800249c        0x4 Drivers/STM32F1xx_HAL_Driver/Src/stm32f1xx_ll_usb.o
                0x0800249c                USB_DevDisconnect
 .text.USB_ReadInterrupts
                0x080024a0        0x6 Drivers/STM32F1xx_HAL_Driver/Src/stm32f1xx_ll_usb.o
                0x080024a0                USB_ReadInterrupts
 .text.USB_EP0_OutStart
                0x080024a6        0x4 Drivers/STM32F1xx_HAL_Driver/Src/stm32f1xx_ll_usb.o
                0x080024a6                USB_EP0_OutStart
 .text.USB_WritePMA
                0x080024aa       0x2a Drivers/STM32F1xx_HAL_Driver/Src/stm32f1xx_ll_usb.o
                0x080024aa                USB_WritePMA
 .text.USB_EPStartXfer
                0x080024d4      0x824 Drivers/STM32F1xx_HAL_Driver/Src/stm32f1xx_ll_usb.o
                0x080024d4                USB_EPStartXfer
 .text.USB_ReadPMA
                0x08002cf8       0x30 Drivers/STM32F1xx_HAL_Driver/Src/stm32f1xx_ll_usb.o
                0x08002cf8                USB_ReadPMA
 .text.USBD_HID_GetFSCfgDesc
                0x08002d28        0xc Middlewares/ST/STM32_USB_Device_Library/Class/HID/Src/usbd_hid.o
 .text.USBD_HID_GetHSCfgDesc
                0x08002d34        0xc Middlewares/ST/STM32_USB_Device_Library/Class/HID/Src/usbd_hid.o
 .text.USBD_HID_GetOtherSpeedCfgDesc
                0x08002d40        0xc Middlewares/ST/STM32_USB_Device_Library/Class/HID/Src/usbd_hid.o
 .text.USBD_HID_DataIn
                0x08002d4c        0xa Middlewares/ST/STM32_USB_Device_Library/Class/HID/Src/usbd_hid.o
 *fill*         0x08002d56        0x2 
 .text.USBD_HID_GetDeviceQualifierDesc
                0x08002d58        0xc Middlewares/ST/STM32_USB_Device_Library/Class/HID/Src/usbd_hid.o
 .text.USBD_HID_Setup
                0x08002d64      0x118 Middlewares/ST/STM32_USB_Device_Library/Class/HID/Src/usbd_hid.o
 .text.USBD_HID_DeInit
                0x08002e7c       0x22 Middlewares/ST/STM32_USB_Device_Library/Class/HID/Src/usbd_hid.o
 .text.USBD_HID_Init
                0x08002e9e       0x2a Middlewares/ST/STM32_USB_Device_Library/Class/HID/Src/usbd_hid.o
 .text.USBD_HID_SendReport
                0x08002ec8       0x28 Middlewares/ST/STM32_USB_Device_Library/Class/HID/Src/usbd_hid.o
                0x08002ec8                USBD_HID_SendReport
 .text.USBD_Init
                0x08002ef0       0x2e Middlewares/ST/STM32_USB_Device_Library/Core/Src/usbd_core.o
                0x08002ef0                USBD_Init
 .text.USBD_RegisterClass
                0x08002f1e        0xe Middlewares/ST/STM32_USB_Device_Library/Core/Src/usbd_core.o
                0x08002f1e                USBD_RegisterClass
 .text.USBD_Start
                0x08002f2c        0xa Middlewares/ST/STM32_USB_Device_Library/Core/Src/usbd_core.o
                0x08002f2c                USBD_Start
 .text.USBD_SetClassConfig
                0x08002f36       0x1a Middlewares/ST/STM32_USB_Device_Library/Core/Src/usbd_core.o
                0x08002f36                USBD_SetClassConfig
 .text.USBD_ClrClassConfig
                0x08002f50        0xe Middlewares/ST/STM32_USB_Device_Library/Core/Src/usbd_core.o
                0x08002f50                USBD_ClrClassConfig
 .text.USBD_LL_SetupStage
                0x08002f5e       0x5a Middlewares/ST/STM32_USB_Device_Library/Core/Src/usbd_core.o
                0x08002f5e                USBD_LL_SetupStage
 .text.USBD_LL_DataOutStage
                0x08002fb8       0x92 Middlewares/ST/STM32_USB_Device_Library/Core/Src/usbd_core.o
                0x08002fb8                USBD_LL_DataOutStage
 .text.USBD_LL_DataInStage
                0x0800304a       0xd2 Middlewares/ST/STM32_USB_Device_Library/Core/Src/usbd_core.o
                0x0800304a                USBD_LL_DataInStage
 .text.USBD_LL_Reset
                0x0800311c       0x50 Middlewares/ST/STM32_USB_Device_Library/Core/Src/usbd_core.o
                0x0800311c                USBD_LL_Reset
 .text.USBD_LL_SetSpeed
                0x0800316c        0x6 Middlewares/ST/STM32_USB_Device_Library/Core/Src/usbd_core.o
                0x0800316c                USBD_LL_SetSpeed
 .text.USBD_LL_Suspend
                0x08003172       0x12 Middlewares/ST/STM32_USB_Device_Library/Core/Src/usbd_core.o
                0x08003172                USBD_LL_Suspend
 .text.USBD_LL_Resume
                0x08003184       0x16 Middlewares/ST/STM32_USB_Device_Library/Core/Src/usbd_core.o
                0x08003184                USBD_LL_Resume
 .text.USBD_LL_SOF
                0x0800319a       0x1c Middlewares/ST/STM32_USB_Device_Library/Core/Src/usbd_core.o
                0x0800319a                USBD_LL_SOF
 .text.USBD_GetLen
                0x080031b6       0x14 Middlewares/ST/STM32_USB_Device_Library/Core/Src/usbd_ctlreq.o
 .text.USBD_SetFeature
                0x080031ca       0x14 Middlewares/ST/STM32_USB_Device_Library/Core/Src/usbd_ctlreq.o
 .text.USBD_ParseSetupRequest
                0x080031de       0x28 Middlewares/ST/STM32_USB_Device_Library/Core/Src/usbd_ctlreq.o
                0x080031de                USBD_ParseSetupRequest
 .text.USBD_CtlError
                0x08003206       0x14 Middlewares/ST/STM32_USB_Device_Library/Core/Src/usbd_ctlreq.o
                0x08003206                USBD_CtlError
 .text.USBD_GetDescriptor
                0x0800321a      0x186 Middlewares/ST/STM32_USB_Device_Library/Core/Src/usbd_ctlreq.o
 .text.USBD_SetAddress
                0x080033a0       0x4e Middlewares/ST/STM32_USB_Device_Library/Core/Src/usbd_ctlreq.o
 *fill*         0x080033ee        0x2 
 .text.USBD_SetConfig
                0x080033f0       0xb0 Middlewares/ST/STM32_USB_Device_Library/Core/Src/usbd_ctlreq.o
 .text.USBD_GetConfig
                0x080034a0       0x3c Middlewares/ST/STM32_USB_Device_Library/Core/Src/usbd_ctlreq.o
 .text.USBD_GetStatus
                0x080034dc       0x38 Middlewares/ST/STM32_USB_Device_Library/Core/Src/usbd_ctlreq.o
 .text.USBD_ClrFeature
                0x08003514       0x26 Middlewares/ST/STM32_USB_Device_Library/Core/Src/usbd_ctlreq.o
 .text.USBD_StdDevReq
                0x0800353a       0x68 Middlewares/ST/STM32_USB_Device_Library/Core/Src/usbd_ctlreq.o
                0x0800353a                USBD_StdDevReq
 .text.USBD_StdItfReq
                0x080035a2       0x60 Middlewares/ST/STM32_USB_Device_Library/Core/Src/usbd_ctlreq.o
                0x080035a2                USBD_StdItfReq
 .text.USBD_StdEPReq
                0x08003602      0x20e Middlewares/ST/STM32_USB_Device_Library/Core/Src/usbd_ctlreq.o
                0x08003602                USBD_StdEPReq
 .text.USBD_GetString
                0x08003810       0x38 Middlewares/ST/STM32_USB_Device_Library/Core/Src/usbd_ctlreq.o
                0x08003810                USBD_GetString
 .text.USBD_CtlSendData
                0x08003848       0x1a Middlewares/ST/STM32_USB_Device_Library/Core/Src/usbd_ioreq.o
                0x08003848                USBD_CtlSendData
 .text.USBD_CtlContinueSendData
                0x08003862       0x10 Middlewares/ST/STM32_USB_Device_Library/Core/Src/usbd_ioreq.o
                0x08003862                USBD_CtlContinueSendData
 .text.USBD_CtlContinueRx
                0x08003872       0x10 Middlewares/ST/STM32_USB_Device_Library/Core/Src/usbd_ioreq.o
                0x08003872                USBD_CtlContinueRx
 .text.USBD_CtlSendStatus
                0x08003882       0x16 Middlewares/ST/STM32_USB_Device_Library/Core/Src/usbd_ioreq.o
                0x08003882                USBD_CtlSendStatus
 .text.USBD_CtlReceiveStatus
                0x08003898       0x16 Middlewares/ST/STM32_USB_Device_Library/Core/Src/usbd_ioreq.o
                0x08003898                USBD_CtlReceiveStatus
 *fill*         0x080038ae        0x2 
 .text.MX_USB_DEVICE_Init
                0x080038b0       0x40 USB_DEVICE/App/usb_device.o
                0x080038b0                MX_USB_DEVICE_Init
 .text.USBD_FS_DeviceDescriptor
                0x080038f0        0xc USB_DEVICE/App/usbd_desc.o
                0x080038f0                USBD_FS_DeviceDescriptor
 .text.USBD_FS_LangIDStrDescriptor
                0x080038fc        0xc USB_DEVICE/App/usbd_desc.o
                0x080038fc                USBD_FS_LangIDStrDescriptor
 .text.IntToUnicode
                0x08003908       0x36 USB_DEVICE/App/usbd_desc.o
 *fill*         0x0800393e        0x2 
 .text.Get_SerialNum
                0x08003940       0x38 USB_DEVICE/App/usbd_desc.o
 .text.USBD_FS_SerialStrDescriptor
                0x08003978       0x14 USB_DEVICE/App/usbd_desc.o
                0x08003978                USBD_FS_SerialStrDescriptor
 .text.USBD_FS_ProductStrDescriptor
                0x0800398c       0x24 USB_DEVICE/App/usbd_desc.o
                0x0800398c                USBD_FS_ProductStrDescriptor
 .text.USBD_FS_ManufacturerStrDescriptor
                0x080039b0       0x1c USB_DEVICE/App/usbd_desc.o
                0x080039b0                USBD_FS_ManufacturerStrDescriptor
 .text.USBD_FS_ConfigStrDescriptor
                0x080039cc       0x24 USB_DEVICE/App/usbd_desc.o
                0x080039cc                USBD_FS_ConfigStrDescriptor
 .text.USBD_FS_InterfaceStrDescriptor
                0x080039f0       0x24 USB_DEVICE/App/usbd_desc.o
                0x080039f0                USBD_FS_InterfaceStrDescriptor
 .text.USBD_Get_USB_Status
                0x08003a14       0x12 USB_DEVICE/Target/usbd_conf.o
 *fill*         0x08003a26        0x2 
 .text.HAL_PCD_MspInit
                0x08003a28       0x40 USB_DEVICE/Target/usbd_conf.o
                0x08003a28                HAL_PCD_MspInit
 .text.HAL_PCD_SetupStageCallback
                0x08003a68       0x10 USB_DEVICE/Target/usbd_conf.o
                0x08003a68                HAL_PCD_SetupStageCallback
 .text.HAL_PCD_DataOutStageCallback
                0x08003a78       0x18 USB_DEVICE/Target/usbd_conf.o
                0x08003a78                HAL_PCD_DataOutStageCallback
 .text.HAL_PCD_DataInStageCallback
                0x08003a90       0x16 USB_DEVICE/Target/usbd_conf.o
                0x08003a90                HAL_PCD_DataInStageCallback
 .text.HAL_PCD_SOFCallback
                0x08003aa6        0xc USB_DEVICE/Target/usbd_conf.o
                0x08003aa6                HAL_PCD_SOFCallback
 .text.HAL_PCD_ResetCallback
                0x08003ab2       0x22 USB_DEVICE/Target/usbd_conf.o
                0x08003ab2                HAL_PCD_ResetCallback
 .text.HAL_PCD_SuspendCallback
                0x08003ad4       0x20 USB_DEVICE/Target/usbd_conf.o
                0x08003ad4                HAL_PCD_SuspendCallback
 .text.HAL_PCD_ResumeCallback
                0x08003af4        0xc USB_DEVICE/Target/usbd_conf.o
                0x08003af4                HAL_PCD_ResumeCallback
 .text.USBD_LL_Init
                0x08003b00       0x68 USB_DEVICE/Target/usbd_conf.o
                0x08003b00                USBD_LL_Init
 .text.USBD_LL_Start
                0x08003b68       0x10 USB_DEVICE/Target/usbd_conf.o
                0x08003b68                USBD_LL_Start
 .text.USBD_LL_OpenEP
                0x08003b78       0x16 USB_DEVICE/Target/usbd_conf.o
                0x08003b78                USBD_LL_OpenEP
 .text.USBD_LL_CloseEP
                0x08003b8e       0x10 USB_DEVICE/Target/usbd_conf.o
                0x08003b8e                USBD_LL_CloseEP
 .text.USBD_LL_StallEP
                0x08003b9e       0x10 USB_DEVICE/Target/usbd_conf.o
                0x08003b9e                USBD_LL_StallEP
 .text.USBD_LL_ClearStallEP
                0x08003bae       0x10 USB_DEVICE/Target/usbd_conf.o
                0x08003bae                USBD_LL_ClearStallEP
 .text.USBD_LL_IsStallEP
                0x08003bbe       0x2e USB_DEVICE/Target/usbd_conf.o
                0x08003bbe                USBD_LL_IsStallEP
 .text.USBD_LL_SetUSBAddress
                0x08003bec       0x10 USB_DEVICE/Target/usbd_conf.o
                0x08003bec                USBD_LL_SetUSBAddress
 .text.USBD_LL_Transmit
                0x08003bfc       0x10 USB_DEVICE/Target/usbd_conf.o
                0x08003bfc                USBD_LL_Transmit
 .text.USBD_LL_PrepareReceive
                0x08003c0c       0x10 USB_DEVICE/Target/usbd_conf.o
                0x08003c0c                USBD_LL_PrepareReceive
 .text.USBD_static_malloc
                0x08003c1c        0x8 USB_DEVICE/Target/usbd_conf.o
                0x08003c1c                USBD_static_malloc
 .text.USBD_static_free
                0x08003c24        0x2 USB_DEVICE/Target/usbd_conf.o
                0x08003c24                USBD_static_free
 .text.HAL_PCDEx_SetConnectionState
                0x08003c26        0x2 USB_DEVICE/Target/usbd_conf.o
                0x08003c26                HAL_PCDEx_SetConnectionState
 .text.Reset_Handler
                0x08003c28       0x48 startup/startup_stm32f103x6.o
                0x08003c28                Reset_Handler
 .text.Default_Handler
                0x08003c70        0x2 startup/startup_stm32f103x6.o
                0x08003c70                RTC_Alarm_IRQHandler
                0x08003c70                EXTI2_IRQHandler
                0x08003c70                TIM1_CC_IRQHandler
                0x08003c70                PVD_IRQHandler
                0x08003c70                EXTI3_IRQHandler
                0x08003c70                EXTI0_IRQHandler
                0x08003c70                ADC1_2_IRQHandler
                0x08003c70                SPI1_IRQHandler
                0x08003c70                TAMPER_IRQHandler
                0x08003c70                DMA1_Channel4_IRQHandler
                0x08003c70                RTC_IRQHandler
                0x08003c70                DMA1_Channel7_IRQHandler
                0x08003c70                CAN1_RX1_IRQHandler
                0x08003c70                I2C1_EV_IRQHandler
                0x08003c70                DMA1_Channel6_IRQHandler
                0x08003c70                TIM3_IRQHandler
                0x08003c70                RCC_IRQHandler
                0x08003c70                TIM1_TRG_COM_IRQHandler
                0x08003c70                DMA1_Channel1_IRQHandler
                0x08003c70                Default_Handler
                0x08003c70                EXTI15_10_IRQHandler
                0x08003c70                EXTI9_5_IRQHandler
                0x08003c70                DMA1_Channel5_IRQHandler
                0x08003c70                EXTI4_IRQHandler
                0x08003c70                USB_HP_CAN1_TX_IRQHandler
                0x08003c70                DMA1_Channel3_IRQHandler
                0x08003c70                TIM1_UP_IRQHandler
                0x08003c70                WWDG_IRQHandler
                0x08003c70                TIM2_IRQHandler
                0x08003c70                TIM1_BRK_IRQHandler
                0x08003c70                EXTI1_IRQHandler
                0x08003c70                USART2_IRQHandler
                0x08003c70                DMA1_Channel2_IRQHandler
                0x08003c70                CAN1_SCE_IRQHandler
                0x08003c70                FLASH_IRQHandler
                0x08003c70                USART1_IRQHandler
                0x08003c70                I2C1_ER_IRQHandler
                0x08003c70                USBWakeUp_IRQHandler
 *fill*         0x08003c72        0x2 
 .text.__libc_init_array
                0x08003c74       0x48 c:/ac6/systemworkbench/plugins/fr.ac6.mcu.externaltools.arm-none.win32_1.17.0.201812190825/tools/compiler/bin/../lib/gcc/arm-none-eabi/7.3.1/../../../../arm-none-eabi/lib/thumb/v7-m\libc_nano.a(lib_a-init.o)
                0x08003c74                __libc_init_array
 *(.glue_7)
 .glue_7        0x08003cbc        0x0 linker stubs
 *(.glue_7t)
 .glue_7t       0x08003cbc        0x0 linker stubs
 *(.eh_frame)
 .eh_frame      0x08003cbc        0x0 c:/ac6/systemworkbench/plugins/fr.ac6.mcu.externaltools.arm-none.win32_1.17.0.201812190825/tools/compiler/bin/../lib/gcc/arm-none-eabi/7.3.1/thumb/v7-m/crtbegin.o
 *(.init)
 .init          0x08003cbc        0x4 c:/ac6/systemworkbench/plugins/fr.ac6.mcu.externaltools.arm-none.win32_1.17.0.201812190825/tools/compiler/bin/../lib/gcc/arm-none-eabi/7.3.1/thumb/v7-m/crti.o
                0x08003cbc                _init
 .init          0x08003cc0        0x8 c:/ac6/systemworkbench/plugins/fr.ac6.mcu.externaltools.arm-none.win32_1.17.0.201812190825/tools/compiler/bin/../lib/gcc/arm-none-eabi/7.3.1/thumb/v7-m/crtn.o
 *(.fini)
 .fini          0x08003cc8        0x4 c:/ac6/systemworkbench/plugins/fr.ac6.mcu.externaltools.arm-none.win32_1.17.0.201812190825/tools/compiler/bin/../lib/gcc/arm-none-eabi/7.3.1/thumb/v7-m/crti.o
                0x08003cc8                _fini
 .fini          0x08003ccc        0x8 c:/ac6/systemworkbench/plugins/fr.ac6.mcu.externaltools.arm-none.win32_1.17.0.201812190825/tools/compiler/bin/../lib/gcc/arm-none-eabi/7.3.1/thumb/v7-m/crtn.o
                0x08003cd4                . = ALIGN (0x4)
                0x08003cd4                _etext = .

.vfp11_veneer   0x08003cd4        0x0
 .vfp11_veneer  0x08003cd4        0x0 linker stubs

.v4_bx          0x08003cd4        0x0
 .v4_bx         0x08003cd4        0x0 linker stubs

.iplt           0x08003cd4        0x0
 .iplt          0x08003cd4        0x0 c:/ac6/systemworkbench/plugins/fr.ac6.mcu.externaltools.arm-none.win32_1.17.0.201812190825/tools/compiler/bin/../lib/gcc/arm-none-eabi/7.3.1/thumb/v7-m/crtbegin.o

.rodata         0x08003cd4       0x78
                0x08003cd4                . = ALIGN (0x4)
 *(.rodata)
 .rodata        0x08003cd4       0x18 Core/Src/system_stm32f1xx.o
                0x08003cd4                AHBPrescTable
                0x08003ce4                APBPrescTable
 .rodata        0x08003cec       0x12 Drivers/STM32F1xx_HAL_Driver/Src/stm32f1xx_hal_rcc.o
 *(.rodata*)
 *fill*         0x08003cfe        0x2 
 .rodata.str1.4
                0x08003d00       0x4c USB_DEVICE/App/usbd_desc.o
                                 0x4a (size before relaxing)
                0x08003d4c                . = ALIGN (0x4)

.rel.dyn        0x08003d4c        0x0
 .rel.iplt      0x08003d4c        0x0 c:/ac6/systemworkbench/plugins/fr.ac6.mcu.externaltools.arm-none.win32_1.17.0.201812190825/tools/compiler/bin/../lib/gcc/arm-none-eabi/7.3.1/thumb/v7-m/crtbegin.o

.ARM.extab
 *(.ARM.extab* .gnu.linkonce.armextab.*)

.ARM            0x08003d4c        0x0
                0x08003d4c                __exidx_start = .
 *(.ARM.exidx*)
                0x08003d4c                __exidx_end = .

.preinit_array  0x08003d4c        0x0
                0x08003d4c                PROVIDE (__preinit_array_start = .)
 *(.preinit_array*)
                0x08003d4c                PROVIDE (__preinit_array_end = .)

.init_array     0x08003d4c        0x4
                0x08003d4c                PROVIDE (__init_array_start = .)
 *(SORT_BY_NAME(.init_array.*))
 *(.init_array*)
 .init_array    0x08003d4c        0x4 c:/ac6/systemworkbench/plugins/fr.ac6.mcu.externaltools.arm-none.win32_1.17.0.201812190825/tools/compiler/bin/../lib/gcc/arm-none-eabi/7.3.1/thumb/v7-m/crtbegin.o
                0x08003d50                PROVIDE (__init_array_end = .)

.fini_array     0x08003d50        0x4
                [!provide]                PROVIDE (__fini_array_start = .)
 *(SORT_BY_NAME(.fini_array.*))
 *(.fini_array*)
 .fini_array    0x08003d50        0x4 c:/ac6/systemworkbench/plugins/fr.ac6.mcu.externaltools.arm-none.win32_1.17.0.201812190825/tools/compiler/bin/../lib/gcc/arm-none-eabi/7.3.1/thumb/v7-m/crtbegin.o
                [!provide]                PROVIDE (__fini_array_end = .)
                0x08003d54                _sidata = LOADADDR (.data)

.data           0x20000000      0x158 load address 0x08003d54
                0x20000000                . = ALIGN (0x4)
                0x20000000                _sdata = .
 *(.data)
 .data          0x20000000        0x4 Core/Src/system_stm32f1xx.o
                0x20000000                SystemCoreClock
 .data          0x20000004        0x8 Drivers/STM32F1xx_HAL_Driver/Src/stm32f1xx_hal.o
                0x20000004                uwTickFreq
                0x20000008                uwTickPrio
 .data          0x2000000c       0xfc Middlewares/ST/STM32_USB_Device_Library/Class/HID/Src/usbd_hid.o
                0x200000d0                USBD_HID
 .data          0x20000108       0x50 USB_DEVICE/App/usbd_desc.o
                0x20000108                USBD_FS_DeviceDesc
                0x2000011c                USBD_LangIDDesc
                0x20000120                USBD_StringSerial
                0x2000013c                FS_Desc
 *(.data*)
                0x20000158                . = ALIGN (0x4)
                0x20000158                _edata = .

.igot.plt       0x20000158        0x0 load address 0x08003eac
 .igot.plt      0x20000158        0x0 c:/ac6/systemworkbench/plugins/fr.ac6.mcu.externaltools.arm-none.win32_1.17.0.201812190825/tools/compiler/bin/../lib/gcc/arm-none-eabi/7.3.1/thumb/v7-m/crtbegin.o
                0x20000158                . = ALIGN (0x4)

.bss            0x20000158      0x838 load address 0x08003eac
                0x20000158                _sbss = .
                0x20000158                __bss_start__ = _sbss
 *(.bss)
 .bss           0x20000158       0x1c c:/ac6/systemworkbench/plugins/fr.ac6.mcu.externaltools.arm-none.win32_1.17.0.201812190825/tools/compiler/bin/../lib/gcc/arm-none-eabi/7.3.1/thumb/v7-m/crtbegin.o
 .bss           0x20000174        0xf Core/Src/main.o
                0x20000174                keyBoardHIDsub
 .bss           0x20000183        0x1 Middlewares/ST/STM32_USB_Device_Library/Core/Src/usbd_ctlreq.o
 .bss           0x20000184       0x14 USB_DEVICE/Target/usbd_conf.o
 *(.bss*)
 *(COMMON)
 COMMON         0x20000198       0x44 Core/Src/main.o
                0x20000198                huart1
 COMMON         0x200001dc        0x4 Drivers/STM32F1xx_HAL_Driver/Src/stm32f1xx_hal.o
                0x200001dc                uwTick
 COMMON         0x200001e0      0x2c4 USB_DEVICE/App/usb_device.o
                0x200001e0                hUsbDeviceFS
 COMMON         0x200004a4      0x200 USB_DEVICE/App/usbd_desc.o
                0x200004a4                USBD_StrDesc
 COMMON         0x200006a4      0x2ec USB_DEVICE/Target/usbd_conf.o
                0x200006a4                hpcd_USB_FS
                0x20000990                . = ALIGN (0x4)
                0x20000990                _ebss = .
                0x20000990                __bss_end__ = _ebss

._user_heap_stack
                0x20000990      0x600 load address 0x08003eac
                0x20000990                . = ALIGN (0x8)
                0x20000990                PROVIDE (end = .)
                [!provide]                PROVIDE (_end = .)
                0x20000b90                . = (. + _Min_Heap_Size)
 *fill*         0x20000990      0x200 
                0x20000f90                . = (. + _Min_Stack_Size)
 *fill*         0x20000b90      0x400 
                0x20000f90                . = ALIGN (0x8)

/DISCARD/
 libc.a(*)
 libm.a(*)
 libgcc.a(*)

.ARM.attributes
                0x00000000       0x29
 *(.ARM.attributes)
 .ARM.attributes
                0x00000000       0x1d c:/ac6/systemworkbench/plugins/fr.ac6.mcu.externaltools.arm-none.win32_1.17.0.201812190825/tools/compiler/bin/../lib/gcc/arm-none-eabi/7.3.1/thumb/v7-m/crti.o
 .ARM.attributes
                0x0000001d       0x2d c:/ac6/systemworkbench/plugins/fr.ac6.mcu.externaltools.arm-none.win32_1.17.0.201812190825/tools/compiler/bin/../lib/gcc/arm-none-eabi/7.3.1/thumb/v7-m/crtbegin.o
 .ARM.attributes
                0x0000004a       0x33 Core/Src/main.o
 .ARM.attributes
                0x0000007d       0x33 Core/Src/stm32f1xx_hal_msp.o
 .ARM.attributes
                0x000000b0       0x33 Core/Src/stm32f1xx_it.o
 .ARM.attributes
                0x000000e3       0x33 Core/Src/system_stm32f1xx.o
 .ARM.attributes
                0x00000116       0x33 Drivers/STM32F1xx_HAL_Driver/Src/stm32f1xx_hal.o
 .ARM.attributes
                0x00000149       0x33 Drivers/STM32F1xx_HAL_Driver/Src/stm32f1xx_hal_cortex.o
 .ARM.attributes
                0x0000017c       0x33 Drivers/STM32F1xx_HAL_Driver/Src/stm32f1xx_hal_gpio.o
 .ARM.attributes
                0x000001af       0x33 Drivers/STM32F1xx_HAL_Driver/Src/stm32f1xx_hal_pcd.o
 .ARM.attributes
                0x000001e2       0x33 Drivers/STM32F1xx_HAL_Driver/Src/stm32f1xx_hal_pcd_ex.o
 .ARM.attributes
                0x00000215       0x33 Drivers/STM32F1xx_HAL_Driver/Src/stm32f1xx_hal_rcc.o
 .ARM.attributes
                0x00000248       0x33 Drivers/STM32F1xx_HAL_Driver/Src/stm32f1xx_hal_rcc_ex.o
 .ARM.attributes
                0x0000027b       0x33 Drivers/STM32F1xx_HAL_Driver/Src/stm32f1xx_hal_uart.o
 .ARM.attributes
                0x000002ae       0x33 Drivers/STM32F1xx_HAL_Driver/Src/stm32f1xx_ll_usb.o
 .ARM.attributes
                0x000002e1       0x33 Middlewares/ST/STM32_USB_Device_Library/Class/HID/Src/usbd_hid.o
 .ARM.attributes
                0x00000314       0x33 Middlewares/ST/STM32_USB_Device_Library/Core/Src/usbd_core.o
 .ARM.attributes
                0x00000347       0x33 Middlewares/ST/STM32_USB_Device_Library/Core/Src/usbd_ctlreq.o
 .ARM.attributes
                0x0000037a       0x33 Middlewares/ST/STM32_USB_Device_Library/Core/Src/usbd_ioreq.o
 .ARM.attributes
                0x000003ad       0x33 USB_DEVICE/App/usb_device.o
 .ARM.attributes
                0x000003e0       0x33 USB_DEVICE/App/usbd_desc.o
 .ARM.attributes
                0x00000413       0x33 USB_DEVICE/Target/usbd_conf.o
 .ARM.attributes
                0x00000446       0x21 startup/startup_stm32f103x6.o
 .ARM.attributes
                0x00000467       0x2d c:/ac6/systemworkbench/plugins/fr.ac6.mcu.externaltools.arm-none.win32_1.17.0.201812190825/tools/compiler/bin/../lib/gcc/arm-none-eabi/7.3.1/../../../../arm-none-eabi/lib/thumb/v7-m\libc_nano.a(lib_a-init.o)
 .ARM.attributes
                0x00000494       0x1d c:/ac6/systemworkbench/plugins/fr.ac6.mcu.externaltools.arm-none.win32_1.17.0.201812190825/tools/compiler/bin/../lib/gcc/arm-none-eabi/7.3.1/thumb/v7-m/crtn.o
OUTPUT(STM32_HID_Device.elf elf32-littlearm)

.debug_info     0x00000000    0x13693
 .debug_info    0x00000000     0x16f1 Core/Src/main.o
 .debug_info    0x000016f1      0x8b7 Core/Src/stm32f1xx_hal_msp.o
 .debug_info    0x00001fa8      0x6dc Core/Src/stm32f1xx_it.o
 .debug_info    0x00002684      0x29d Core/Src/system_stm32f1xx.o
 .debug_info    0x00002921      0x7a2 Drivers/STM32F1xx_HAL_Driver/Src/stm32f1xx_hal.o
 .debug_info    0x000030c3      0xc97 Drivers/STM32F1xx_HAL_Driver/Src/stm32f1xx_hal_cortex.o
 .debug_info    0x00003d5a      0x6ab Drivers/STM32F1xx_HAL_Driver/Src/stm32f1xx_hal_gpio.o
 .debug_info    0x00004405     0x1930 Drivers/STM32F1xx_HAL_Driver/Src/stm32f1xx_hal_pcd.o
 .debug_info    0x00005d35      0x786 Drivers/STM32F1xx_HAL_Driver/Src/stm32f1xx_hal_pcd_ex.o
 .debug_info    0x000064bb      0x9ef Drivers/STM32F1xx_HAL_Driver/Src/stm32f1xx_hal_rcc.o
 .debug_info    0x00006eaa      0x497 Drivers/STM32F1xx_HAL_Driver/Src/stm32f1xx_hal_rcc_ex.o
 .debug_info    0x00007341     0x1a3f Drivers/STM32F1xx_HAL_Driver/Src/stm32f1xx_hal_uart.o
 .debug_info    0x00008d80     0x1977 Drivers/STM32F1xx_HAL_Driver/Src/stm32f1xx_ll_usb.o
 .debug_info    0x0000a6f7     0x12d4 Middlewares/ST/STM32_USB_Device_Library/Class/HID/Src/usbd_hid.o
 .debug_info    0x0000b9cb     0x156d Middlewares/ST/STM32_USB_Device_Library/Core/Src/usbd_core.o
 .debug_info    0x0000cf38     0x1892 Middlewares/ST/STM32_USB_Device_Library/Core/Src/usbd_ctlreq.o
 .debug_info    0x0000e7ca     0x103d Middlewares/ST/STM32_USB_Device_Library/Core/Src/usbd_ioreq.o
 .debug_info    0x0000f807      0xe6e USB_DEVICE/App/usb_device.o
 .debug_info    0x00010675      0xe67 USB_DEVICE/App/usbd_desc.o
 .debug_info    0x000114dc     0x2195 USB_DEVICE/Target/usbd_conf.o
 .debug_info    0x00013671       0x22 startup/startup_stm32f103x6.o

.debug_abbrev   0x00000000     0x2db5
 .debug_abbrev  0x00000000      0x2cd Core/Src/main.o
 .debug_abbrev  0x000002cd      0x1a9 Core/Src/stm32f1xx_hal_msp.o
 .debug_abbrev  0x00000476      0x173 Core/Src/stm32f1xx_it.o
 .debug_abbrev  0x000005e9      0x134 Core/Src/system_stm32f1xx.o
 .debug_abbrev  0x0000071d      0x1ed Drivers/STM32F1xx_HAL_Driver/Src/stm32f1xx_hal.o
 .debug_abbrev  0x0000090a      0x303 Drivers/STM32F1xx_HAL_Driver/Src/stm32f1xx_hal_cortex.o
 .debug_abbrev  0x00000c0d      0x1de Drivers/STM32F1xx_HAL_Driver/Src/stm32f1xx_hal_gpio.o
 .debug_abbrev  0x00000deb      0x2a1 Drivers/STM32F1xx_HAL_Driver/Src/stm32f1xx_hal_pcd.o
 .debug_abbrev  0x0000108c      0x197 Drivers/STM32F1xx_HAL_Driver/Src/stm32f1xx_hal_pcd_ex.o
 .debug_abbrev  0x00001223      0x257 Drivers/STM32F1xx_HAL_Driver/Src/stm32f1xx_hal_rcc.o
 .debug_abbrev  0x0000147a      0x1c9 Drivers/STM32F1xx_HAL_Driver/Src/stm32f1xx_hal_rcc_ex.o
 .debug_abbrev  0x00001643      0x26e Drivers/STM32F1xx_HAL_Driver/Src/stm32f1xx_hal_uart.o
 .debug_abbrev  0x000018b1      0x235 Drivers/STM32F1xx_HAL_Driver/Src/stm32f1xx_ll_usb.o
 .debug_abbrev  0x00001ae6      0x2b4 Middlewares/ST/STM32_USB_Device_Library/Class/HID/Src/usbd_hid.o
 .debug_abbrev  0x00001d9a      0x2ac Middlewares/ST/STM32_USB_Device_Library/Core/Src/usbd_core.o
 .debug_abbrev  0x00002046      0x329 Middlewares/ST/STM32_USB_Device_Library/Core/Src/usbd_ctlreq.o
 .debug_abbrev  0x0000236f      0x215 Middlewares/ST/STM32_USB_Device_Library/Core/Src/usbd_ioreq.o
 .debug_abbrev  0x00002584      0x213 USB_DEVICE/App/usb_device.o
 .debug_abbrev  0x00002797      0x2e5 USB_DEVICE/App/usbd_desc.o
 .debug_abbrev  0x00002a7c      0x327 USB_DEVICE/Target/usbd_conf.o
 .debug_abbrev  0x00002da3       0x12 startup/startup_stm32f103x6.o

.debug_aranges  0x00000000      0xba0
 .debug_aranges
                0x00000000       0x40 Core/Src/main.o
 .debug_aranges
                0x00000040       0x30 Core/Src/stm32f1xx_hal_msp.o
 .debug_aranges
                0x00000070       0x68 Core/Src/stm32f1xx_it.o
 .debug_aranges
                0x000000d8       0x28 Core/Src/system_stm32f1xx.o
 .debug_aranges
                0x00000100       0xe0 Drivers/STM32F1xx_HAL_Driver/Src/stm32f1xx_hal.o
 .debug_aranges
                0x000001e0       0x90 Drivers/STM32F1xx_HAL_Driver/Src/stm32f1xx_hal_cortex.o
 .debug_aranges
                0x00000270       0x58 Drivers/STM32F1xx_HAL_Driver/Src/stm32f1xx_hal_gpio.o
 .debug_aranges
                0x000002c8      0x138 Drivers/STM32F1xx_HAL_Driver/Src/stm32f1xx_hal_pcd.o
 .debug_aranges
                0x00000400       0x38 Drivers/STM32F1xx_HAL_Driver/Src/stm32f1xx_hal_pcd_ex.o
 .debug_aranges
                0x00000438       0x90 Drivers/STM32F1xx_HAL_Driver/Src/stm32f1xx_hal_rcc.o
 .debug_aranges
                0x000004c8       0x30 Drivers/STM32F1xx_HAL_Driver/Src/stm32f1xx_hal_rcc_ex.o
 .debug_aranges
                0x000004f8      0x200 Drivers/STM32F1xx_HAL_Driver/Src/stm32f1xx_hal_uart.o
 .debug_aranges
                0x000006f8       0xf0 Drivers/STM32F1xx_HAL_Driver/Src/stm32f1xx_ll_usb.o
 .debug_aranges
                0x000007e8       0x68 Middlewares/ST/STM32_USB_Device_Library/Class/HID/Src/usbd_hid.o
 .debug_aranges
                0x00000850       0xb8 Middlewares/ST/STM32_USB_Device_Library/Core/Src/usbd_core.o
 .debug_aranges
                0x00000908       0x88 Middlewares/ST/STM32_USB_Device_Library/Core/Src/usbd_ctlreq.o
 .debug_aranges
                0x00000990       0x50 Middlewares/ST/STM32_USB_Device_Library/Core/Src/usbd_ioreq.o
 .debug_aranges
                0x000009e0       0x20 USB_DEVICE/App/usb_device.o
 .debug_aranges
                0x00000a00       0x60 USB_DEVICE/App/usbd_desc.o
 .debug_aranges
                0x00000a60      0x118 USB_DEVICE/Target/usbd_conf.o
 .debug_aranges
                0x00000b78       0x28 startup/startup_stm32f103x6.o

.debug_ranges   0x00000000      0xe90
 .debug_ranges  0x00000000       0x30 Core/Src/main.o
 .debug_ranges  0x00000030       0x20 Core/Src/stm32f1xx_hal_msp.o
 .debug_ranges  0x00000050       0x58 Core/Src/stm32f1xx_it.o
 .debug_ranges  0x000000a8       0x18 Core/Src/system_stm32f1xx.o
 .debug_ranges  0x000000c0       0xd0 Drivers/STM32F1xx_HAL_Driver/Src/stm32f1xx_hal.o
 .debug_ranges  0x00000190       0xe0 Drivers/STM32F1xx_HAL_Driver/Src/stm32f1xx_hal_cortex.o
 .debug_ranges  0x00000270       0x48 Drivers/STM32F1xx_HAL_Driver/Src/stm32f1xx_hal_gpio.o
 .debug_ranges  0x000002b8      0x208 Drivers/STM32F1xx_HAL_Driver/Src/stm32f1xx_hal_pcd.o
 .debug_ranges  0x000004c0       0x28 Drivers/STM32F1xx_HAL_Driver/Src/stm32f1xx_hal_pcd_ex.o
 .debug_ranges  0x000004e8       0xa0 Drivers/STM32F1xx_HAL_Driver/Src/stm32f1xx_hal_rcc.o
 .debug_ranges  0x00000588       0x38 Drivers/STM32F1xx_HAL_Driver/Src/stm32f1xx_hal_rcc_ex.o
 .debug_ranges  0x000005c0      0x1f0 Drivers/STM32F1xx_HAL_Driver/Src/stm32f1xx_hal_uart.o
 .debug_ranges  0x000007b0      0x3a0 Drivers/STM32F1xx_HAL_Driver/Src/stm32f1xx_ll_usb.o
 .debug_ranges  0x00000b50       0x58 Middlewares/ST/STM32_USB_Device_Library/Class/HID/Src/usbd_hid.o
 .debug_ranges  0x00000ba8       0xa8 Middlewares/ST/STM32_USB_Device_Library/Core/Src/usbd_core.o
 .debug_ranges  0x00000c50       0x78 Middlewares/ST/STM32_USB_Device_Library/Core/Src/usbd_ctlreq.o
 .debug_ranges  0x00000cc8       0x40 Middlewares/ST/STM32_USB_Device_Library/Core/Src/usbd_ioreq.o
 .debug_ranges  0x00000d08       0x10 USB_DEVICE/App/usb_device.o
 .debug_ranges  0x00000d18       0x50 USB_DEVICE/App/usbd_desc.o
 .debug_ranges  0x00000d68      0x108 USB_DEVICE/Target/usbd_conf.o
 .debug_ranges  0x00000e70       0x20 startup/startup_stm32f103x6.o

.debug_macro    0x00000000    0x19274
 .debug_macro   0x00000000      0x3d3 Core/Src/main.o
 .debug_macro   0x000003d3      0xa54 Core/Src/main.o
 .debug_macro   0x00000e27      0x21b Core/Src/main.o
 .debug_macro   0x00001042       0x2e Core/Src/main.o
 .debug_macro   0x00001070       0x22 Core/Src/main.o
 .debug_macro   0x00001092       0x22 Core/Src/main.o
 .debug_macro   0x000010b4       0x8e Core/Src/main.o
 .debug_macro   0x00001142       0x51 Core/Src/main.o
 .debug_macro   0x00001193       0xef Core/Src/main.o
 .debug_macro   0x00001282       0x6a Core/Src/main.o
 .debug_macro   0x000012ec      0x1df Core/Src/main.o
 .debug_macro   0x000014cb       0x1c Core/Src/main.o
 .debug_macro   0x000014e7       0x22 Core/Src/main.o
 .debug_macro   0x00001509       0xc3 Core/Src/main.o
 .debug_macro   0x000015cc      0xd23 Core/Src/main.o
 .debug_macro   0x000022ef     0xde75 Core/Src/main.o
 .debug_macro   0x00010164       0x6d Core/Src/main.o
 .debug_macro   0x000101d1     0x3468 Core/Src/main.o
 .debug_macro   0x00013639      0x174 Core/Src/main.o
 .debug_macro   0x000137ad       0x5c Core/Src/main.o
 .debug_macro   0x00013809      0x5be Core/Src/main.o
 .debug_macro   0x00013dc7      0x1b7 Core/Src/main.o
 .debug_macro   0x00013f7e      0x1cb Core/Src/main.o
 .debug_macro   0x00014149      0x114 Core/Src/main.o
 .debug_macro   0x0001425d      0x1b2 Core/Src/main.o
 .debug_macro   0x0001440f       0x27 Core/Src/main.o
 .debug_macro   0x00014436      0x12f Core/Src/main.o
 .debug_macro   0x00014565      0x1bc Core/Src/main.o
 .debug_macro   0x00014721       0x34 Core/Src/main.o
 .debug_macro   0x00014755       0x3c Core/Src/main.o
 .debug_macro   0x00014791       0x57 Core/Src/main.o
 .debug_macro   0x000147e8       0x88 Core/Src/main.o
 .debug_macro   0x00014870      0x183 Core/Src/main.o
 .debug_macro   0x000149f3      0x141 Core/Src/main.o
 .debug_macro   0x00014b34      0x279 Core/Src/main.o
 .debug_macro   0x00014dad       0x65 Core/Src/main.o
 .debug_macro   0x00014e12      0x249 Core/Src/main.o
 .debug_macro   0x0001505b       0x69 Core/Src/main.o
 .debug_macro   0x000150c4       0x5e Core/Src/main.o
 .debug_macro   0x00015122       0x18 Core/Src/main.o
 .debug_macro   0x0001513a       0x35 Core/Src/main.o
 .debug_macro   0x0001516f       0x34 Core/Src/main.o
 .debug_macro   0x000151a3       0x16 Core/Src/main.o
 .debug_macro   0x000151b9       0x35 Core/Src/main.o
 .debug_macro   0x000151ee      0x32a Core/Src/main.o
 .debug_macro   0x00015518       0x10 Core/Src/main.o
 .debug_macro   0x00015528       0x58 Core/Src/main.o
 .debug_macro   0x00015580       0x1f Core/Src/main.o
 .debug_macro   0x0001559f       0x43 Core/Src/main.o
 .debug_macro   0x000155e2       0x20 Core/Src/main.o
 .debug_macro   0x00015602      0x18e Core/Src/main.o
 .debug_macro   0x00015790       0x10 Core/Src/main.o
 .debug_macro   0x000157a0       0x1c Core/Src/main.o
 .debug_macro   0x000157bc       0x52 Core/Src/main.o
 .debug_macro   0x0001580e       0x40 Core/Src/main.o
 .debug_macro   0x0001584e       0x10 Core/Src/main.o
 .debug_macro   0x0001585e       0x40 Core/Src/main.o
 .debug_macro   0x0001589e       0xd7 Core/Src/main.o
 .debug_macro   0x00015975       0x1c Core/Src/main.o
 .debug_macro   0x00015991       0x3d Core/Src/main.o
 .debug_macro   0x000159ce       0x16 Core/Src/main.o
 .debug_macro   0x000159e4      0x16f Core/Src/main.o
 .debug_macro   0x00015b53       0x16 Core/Src/main.o
 .debug_macro   0x00015b69       0x16 Core/Src/main.o
 .debug_macro   0x00015b7f       0x29 Core/Src/main.o
 .debug_macro   0x00015ba8       0x16 Core/Src/main.o
 .debug_macro   0x00015bbe       0x60 Core/Src/main.o
 .debug_macro   0x00015c1e      0x1c8 Core/Src/main.o
 .debug_macro   0x00015de6       0x5e Core/Src/main.o
 .debug_macro   0x00015e44      0x1bb Core/Src/stm32f1xx_hal_msp.o
 .debug_macro   0x00015fff      0x1c5 Core/Src/stm32f1xx_it.o
 .debug_macro   0x000161c4      0x1b1 Core/Src/system_stm32f1xx.o
 .debug_macro   0x00016375      0x1d5 Drivers/STM32F1xx_HAL_Driver/Src/stm32f1xx_hal.o
 .debug_macro   0x0001654a      0x1b1 Drivers/STM32F1xx_HAL_Driver/Src/stm32f1xx_hal_cortex.o
 .debug_macro   0x000166fb      0x21c Drivers/STM32F1xx_HAL_Driver/Src/stm32f1xx_hal_gpio.o
 .debug_macro   0x00016917      0x1bd Drivers/STM32F1xx_HAL_Driver/Src/stm32f1xx_hal_pcd.o
 .debug_macro   0x00016ad4      0x1b1 Drivers/STM32F1xx_HAL_Driver/Src/stm32f1xx_hal_pcd_ex.o
 .debug_macro   0x00016c85      0x1c3 Drivers/STM32F1xx_HAL_Driver/Src/stm32f1xx_hal_rcc.o
 .debug_macro   0x00016e48      0x1b1 Drivers/STM32F1xx_HAL_Driver/Src/stm32f1xx_hal_rcc_ex.o
 .debug_macro   0x00016ff9      0x1b2 Drivers/STM32F1xx_HAL_Driver/Src/stm32f1xx_hal_uart.o
 .debug_macro   0x000171ab      0x1b1 Drivers/STM32F1xx_HAL_Driver/Src/stm32f1xx_ll_usb.o
 .debug_macro   0x0001735c      0x3c3 Middlewares/ST/STM32_USB_Device_Library/Class/HID/Src/usbd_hid.o
 .debug_macro   0x0001771f       0x97 Middlewares/ST/STM32_USB_Device_Library/Class/HID/Src/usbd_hid.o
 .debug_macro   0x000177b6       0xfd Middlewares/ST/STM32_USB_Device_Library/Class/HID/Src/usbd_hid.o
 .debug_macro   0x000178b3       0xbd Middlewares/ST/STM32_USB_Device_Library/Class/HID/Src/usbd_hid.o
 .debug_macro   0x00017970       0x56 Middlewares/ST/STM32_USB_Device_Library/Class/HID/Src/usbd_hid.o
 .debug_macro   0x000179c6      0x3aa Middlewares/ST/STM32_USB_Device_Library/Core/Src/usbd_core.o
 .debug_macro   0x00017d70      0x1ce Middlewares/ST/STM32_USB_Device_Library/Core/Src/usbd_core.o
 .debug_macro   0x00017f3e      0x3b4 Middlewares/ST/STM32_USB_Device_Library/Core/Src/usbd_ctlreq.o
 .debug_macro   0x000182f2      0x3b0 Middlewares/ST/STM32_USB_Device_Library/Core/Src/usbd_ioreq.o
 .debug_macro   0x000186a2      0x3e0 USB_DEVICE/App/usb_device.o
 .debug_macro   0x00018a82       0x22 USB_DEVICE/App/usb_device.o
 .debug_macro   0x00018aa4      0x3e7 USB_DEVICE/App/usbd_desc.o
 .debug_macro   0x00018e8b       0x1c USB_DEVICE/App/usbd_desc.o
 .debug_macro   0x00018ea7      0x3cd USB_DEVICE/Target/usbd_conf.o

.debug_line     0x00000000     0xc1c4
 .debug_line    0x00000000      0xa4f Core/Src/main.o
 .debug_line    0x00000a4f      0x69e Core/Src/stm32f1xx_hal_msp.o
 .debug_line    0x000010ed      0x703 Core/Src/stm32f1xx_it.o
 .debug_line    0x000017f0      0x68c Core/Src/system_stm32f1xx.o
 .debug_line    0x00001e7c      0x836 Drivers/STM32F1xx_HAL_Driver/Src/stm32f1xx_hal.o
 .debug_line    0x000026b2      0x845 Drivers/STM32F1xx_HAL_Driver/Src/stm32f1xx_hal_cortex.o
 .debug_line    0x00002ef7      0x7f6 Drivers/STM32F1xx_HAL_Driver/Src/stm32f1xx_hal_gpio.o
 .debug_line    0x000036ed      0xd28 Drivers/STM32F1xx_HAL_Driver/Src/stm32f1xx_hal_pcd.o
 .debug_line    0x00004415      0x6b1 Drivers/STM32F1xx_HAL_Driver/Src/stm32f1xx_hal_pcd_ex.o
 .debug_line    0x00004ac6      0x940 Drivers/STM32F1xx_HAL_Driver/Src/stm32f1xx_hal_rcc.o
 .debug_line    0x00005406      0x723 Drivers/STM32F1xx_HAL_Driver/Src/stm32f1xx_hal_rcc_ex.o
 .debug_line    0x00005b29     0x1113 Drivers/STM32F1xx_HAL_Driver/Src/stm32f1xx_hal_uart.o
 .debug_line    0x00006c3c      0xcf0 Drivers/STM32F1xx_HAL_Driver/Src/stm32f1xx_ll_usb.o
 .debug_line    0x0000792c      0xa42 Middlewares/ST/STM32_USB_Device_Library/Class/HID/Src/usbd_hid.o
 .debug_line    0x0000836e      0xaed Middlewares/ST/STM32_USB_Device_Library/Core/Src/usbd_core.o
 .debug_line    0x00008e5b      0xbb3 Middlewares/ST/STM32_USB_Device_Library/Core/Src/usbd_ctlreq.o
 .debug_line    0x00009a0e      0x936 Middlewares/ST/STM32_USB_Device_Library/Core/Src/usbd_ioreq.o
 .debug_line    0x0000a344      0x92b USB_DEVICE/App/usb_device.o
 .debug_line    0x0000ac6f      0x96a USB_DEVICE/App/usbd_desc.o
 .debug_line    0x0000b5d9      0xb6b USB_DEVICE/Target/usbd_conf.o
 .debug_line    0x0000c144       0x80 startup/startup_stm32f103x6.o

.debug_str      0x00000000    0x847eb
 .debug_str     0x00000000    0x81c8a Core/Src/main.o
                              0x82120 (size before relaxing)
 .debug_str     0x00081c8a       0xdf Core/Src/stm32f1xx_hal_msp.o
                              0x7d11d (size before relaxing)
 .debug_str     0x00081d69      0x3bd Core/Src/stm32f1xx_it.o
                              0x7d094 (size before relaxing)
 .debug_str     0x00082126       0x52 Core/Src/system_stm32f1xx.o
                              0x7ccbf (size before relaxing)
 .debug_str     0x00082178      0x554 Drivers/STM32F1xx_HAL_Driver/Src/stm32f1xx_hal.o
                              0x7d35b (size before relaxing)
 .debug_str     0x000826cc      0x293 Drivers/STM32F1xx_HAL_Driver/Src/stm32f1xx_hal_cortex.o
                              0x7d31e (size before relaxing)
 .debug_str     0x0008295f      0x322 Drivers/STM32F1xx_HAL_Driver/Src/stm32f1xx_hal_gpio.o
                              0x7d083 (size before relaxing)
 .debug_str     0x00082c81      0x563 Drivers/STM32F1xx_HAL_Driver/Src/stm32f1xx_hal_pcd.o
                              0x7d5b3 (size before relaxing)
 .debug_str     0x000831e4      0x170 Drivers/STM32F1xx_HAL_Driver/Src/stm32f1xx_hal_pcd_ex.o
                              0x7d15f (size before relaxing)
 .debug_str     0x00083354      0x229 Drivers/STM32F1xx_HAL_Driver/Src/stm32f1xx_hal_rcc.o
                              0x7d0e3 (size before relaxing)
 .debug_str     0x0008357d       0x9f Drivers/STM32F1xx_HAL_Driver/Src/stm32f1xx_hal_rcc_ex.o
                              0x7ce6a (size before relaxing)
 .debug_str     0x0008361c      0x62b Drivers/STM32F1xx_HAL_Driver/Src/stm32f1xx_hal_uart.o
                              0x7d725 (size before relaxing)
 .debug_str     0x00083c47      0x12d Drivers/STM32F1xx_HAL_Driver/Src/stm32f1xx_ll_usb.o
                              0x7d192 (size before relaxing)
 .debug_str     0x00083d74      0x2ab Middlewares/ST/STM32_USB_Device_Library/Class/HID/Src/usbd_hid.o
                              0x81caf (size before relaxing)
 .debug_str     0x0008401f      0x298 Middlewares/ST/STM32_USB_Device_Library/Core/Src/usbd_core.o
                              0x81b4a (size before relaxing)
 .debug_str     0x000842b7      0x11b Middlewares/ST/STM32_USB_Device_Library/Core/Src/usbd_ctlreq.o
                              0x81a64 (size before relaxing)
 .debug_str     0x000843d2       0x79 Middlewares/ST/STM32_USB_Device_Library/Core/Src/usbd_ioreq.o
                              0x81991 (size before relaxing)
 .debug_str     0x0008444b       0xa2 USB_DEVICE/App/usb_device.o
                              0x81af5 (size before relaxing)
 .debug_str     0x000844ed      0x25c USB_DEVICE/App/usbd_desc.o
                              0x818d1 (size before relaxing)
 .debug_str     0x00084749       0x73 USB_DEVICE/Target/usbd_conf.o
                              0x82600 (size before relaxing)
 .debug_str     0x000847bc       0x2f startup/startup_stm32f103x6.o
                                 0x55 (size before relaxing)

.comment        0x00000000       0x7f
 .comment       0x00000000       0x7f Core/Src/main.o
                                 0x80 (size before relaxing)
 .comment       0x0000007f       0x80 Core/Src/stm32f1xx_hal_msp.o
 .comment       0x0000007f       0x80 Core/Src/stm32f1xx_it.o
 .comment       0x0000007f       0x80 Core/Src/system_stm32f1xx.o
 .comment       0x0000007f       0x80 Drivers/STM32F1xx_HAL_Driver/Src/stm32f1xx_hal.o
 .comment       0x0000007f       0x80 Drivers/STM32F1xx_HAL_Driver/Src/stm32f1xx_hal_cortex.o
 .comment       0x0000007f       0x80 Drivers/STM32F1xx_HAL_Driver/Src/stm32f1xx_hal_gpio.o
 .comment       0x0000007f       0x80 Drivers/STM32F1xx_HAL_Driver/Src/stm32f1xx_hal_pcd.o
 .comment       0x0000007f       0x80 Drivers/STM32F1xx_HAL_Driver/Src/stm32f1xx_hal_pcd_ex.o
 .comment       0x0000007f       0x80 Drivers/STM32F1xx_HAL_Driver/Src/stm32f1xx_hal_rcc.o
 .comment       0x0000007f       0x80 Drivers/STM32F1xx_HAL_Driver/Src/stm32f1xx_hal_rcc_ex.o
 .comment       0x0000007f       0x80 Drivers/STM32F1xx_HAL_Driver/Src/stm32f1xx_hal_uart.o
 .comment       0x0000007f       0x80 Drivers/STM32F1xx_HAL_Driver/Src/stm32f1xx_ll_usb.o
 .comment       0x0000007f       0x80 Middlewares/ST/STM32_USB_Device_Library/Class/HID/Src/usbd_hid.o
 .comment       0x0000007f       0x80 Middlewares/ST/STM32_USB_Device_Library/Core/Src/usbd_core.o
 .comment       0x0000007f       0x80 Middlewares/ST/STM32_USB_Device_Library/Core/Src/usbd_ctlreq.o
 .comment       0x0000007f       0x80 Middlewares/ST/STM32_USB_Device_Library/Core/Src/usbd_ioreq.o
 .comment       0x0000007f       0x80 USB_DEVICE/App/usb_device.o
 .comment       0x0000007f       0x80 USB_DEVICE/App/usbd_desc.o
 .comment       0x0000007f       0x80 USB_DEVICE/Target/usbd_conf.o

.debug_frame    0x00000000     0x1c38
 .debug_frame   0x00000000       0x88 Core/Src/main.o
 .debug_frame   0x00000088       0x60 Core/Src/stm32f1xx_hal_msp.o
 .debug_frame   0x000000e8       0xc0 Core/Src/stm32f1xx_it.o
 .debug_frame   0x000001a8       0x30 Core/Src/system_stm32f1xx.o
 .debug_frame   0x000001d8      0x1cc Drivers/STM32F1xx_HAL_Driver/Src/stm32f1xx_hal.o
 .debug_frame   0x000003a4      0x12c Drivers/STM32F1xx_HAL_Driver/Src/stm32f1xx_hal_cortex.o
 .debug_frame   0x000004d0       0xe8 Drivers/STM32F1xx_HAL_Driver/Src/stm32f1xx_hal_gpio.o
 .debug_frame   0x000005b8      0x35c Drivers/STM32F1xx_HAL_Driver/Src/stm32f1xx_hal_pcd.o
 .debug_frame   0x00000914       0x5c Drivers/STM32F1xx_HAL_Driver/Src/stm32f1xx_hal_pcd_ex.o
 .debug_frame   0x00000970      0x198 Drivers/STM32F1xx_HAL_Driver/Src/stm32f1xx_hal_rcc.o
 .debug_frame   0x00000b08       0x6c Drivers/STM32F1xx_HAL_Driver/Src/stm32f1xx_hal_rcc_ex.o
 .debug_frame   0x00000b74      0x5bc Drivers/STM32F1xx_HAL_Driver/Src/stm32f1xx_hal_uart.o
 .debug_frame   0x00001130      0x21c Drivers/STM32F1xx_HAL_Driver/Src/stm32f1xx_ll_usb.o
 .debug_frame   0x0000134c       0xdc Middlewares/ST/STM32_USB_Device_Library/Class/HID/Src/usbd_hid.o
 .debug_frame   0x00001428      0x1c0 Middlewares/ST/STM32_USB_Device_Library/Core/Src/usbd_core.o
 .debug_frame   0x000015e8      0x178 Middlewares/ST/STM32_USB_Device_Library/Core/Src/usbd_ctlreq.o
 .debug_frame   0x00001760       0xb8 Middlewares/ST/STM32_USB_Device_Library/Core/Src/usbd_ioreq.o
 .debug_frame   0x00001818       0x28 USB_DEVICE/App/usb_device.o
 .debug_frame   0x00001840       0xe0 USB_DEVICE/App/usbd_desc.o
 .debug_frame   0x00001920      0x2ec USB_DEVICE/Target/usbd_conf.o
 .debug_frame   0x00001c0c       0x2c c:/ac6/systemworkbench/plugins/fr.ac6.mcu.externaltools.arm-none.win32_1.17.0.201812190825/tools/compiler/bin/../lib/gcc/arm-none-eabi/7.3.1/../../../../arm-none-eabi/lib/thumb/v7-m\libc_nano.a(lib_a-init.o)

.debug_loc      0x00000000     0x8671
 .debug_loc     0x00000000       0x74 Core/Src/stm32f1xx_hal_msp.o
 .debug_loc     0x00000074       0xdf Core/Src/system_stm32f1xx.o
 .debug_loc     0x00000153      0x11b Drivers/STM32F1xx_HAL_Driver/Src/stm32f1xx_hal.o
 .debug_loc     0x0000026e      0x5ad Drivers/STM32F1xx_HAL_Driver/Src/stm32f1xx_hal_cortex.o
 .debug_loc     0x0000081b      0x3c6 Drivers/STM32F1xx_HAL_Driver/Src/stm32f1xx_hal_gpio.o
 .debug_loc     0x00000be1     0x1265 Drivers/STM32F1xx_HAL_Driver/Src/stm32f1xx_hal_pcd.o
 .debug_loc     0x00001e46       0xea Drivers/STM32F1xx_HAL_Driver/Src/stm32f1xx_hal_pcd_ex.o
 .debug_loc     0x00001f30      0x4bb Drivers/STM32F1xx_HAL_Driver/Src/stm32f1xx_hal_rcc.o
 .debug_loc     0x000023eb      0x2d0 Drivers/STM32F1xx_HAL_Driver/Src/stm32f1xx_hal_rcc_ex.o
 .debug_loc     0x000026bb     0x1ab3 Drivers/STM32F1xx_HAL_Driver/Src/stm32f1xx_hal_uart.o
 .debug_loc     0x0000416e     0x17c1 Drivers/STM32F1xx_HAL_Driver/Src/stm32f1xx_ll_usb.o
 .debug_loc     0x0000592f      0x675 Middlewares/ST/STM32_USB_Device_Library/Class/HID/Src/usbd_hid.o
 .debug_loc     0x00005fa4      0x6ed Middlewares/ST/STM32_USB_Device_Library/Core/Src/usbd_core.o
 .debug_loc     0x00006691     0x105b Middlewares/ST/STM32_USB_Device_Library/Core/Src/usbd_ctlreq.o
 .debug_loc     0x000076ec      0x23c Middlewares/ST/STM32_USB_Device_Library/Core/Src/usbd_ioreq.o
 .debug_loc     0x00007928      0x30e USB_DEVICE/App/usbd_desc.o
 .debug_loc     0x00007c36      0xa3b USB_DEVICE/Target/usbd_conf.o
